Archive member included to satisfy reference by file (symbol)

/home/ror/Umair/Learnify-ror-/glibc-2.28/build/elf/rtld-libc.a(rtld-check_fds.os)
                              /home/ror/Umair/Learnify-ror-/glibc-2.28/build/elf/dl-allobjs.os (__libc_check_standard_fds)
/home/ror/Umair/Learnify-ror-/glibc-2.28/build/elf/rtld-libc.a(rtld-errno.os)
                              /home/ror/Umair/Learnify-ror-/glibc-2.28/build/elf/dl-allobjs.os (rtld_errno)
/home/ror/Umair/Learnify-ror-/glibc-2.28/build/elf/rtld-libc.a(rtld-closedir.os)
                              /home/ror/Umair/Learnify-ror-/glibc-2.28/build/elf/dl-allobjs.os (__closedir)
/home/ror/Umair/Learnify-ror-/glibc-2.28/build/elf/rtld-libc.a(rtld-rewinddir.os)
                              /home/ror/Umair/Learnify-ror-/glibc-2.28/build/elf/dl-allobjs.os (__rewinddir)
/home/ror/Umair/Learnify-ror-/glibc-2.28/build/elf/rtld-libc.a(rtld-readdir64.os)
                              /home/ror/Umair/Learnify-ror-/glibc-2.28/build/elf/dl-allobjs.os (__readdir)
/home/ror/Umair/Learnify-ror-/glibc-2.28/build/elf/rtld-libc.a(rtld-fdopendir.os)
                              /home/ror/Umair/Learnify-ror-/glibc-2.28/build/elf/dl-allobjs.os (__fdopendir)
/home/ror/Umair/Learnify-ror-/glibc-2.28/build/elf/rtld-libc.a(rtld-getdents64.os)
                              /home/ror/Umair/Learnify-ror-/glibc-2.28/build/elf/rtld-libc.a(rtld-readdir64.os) (__getdents64)
/home/ror/Umair/Learnify-ror-/glibc-2.28/build/elf/rtld-libc.a(rtld-dl-addr-obj.os)
                              /home/ror/Umair/Learnify-ror-/glibc-2.28/build/elf/dl-allobjs.os (_dl_addr_inside_object)
/home/ror/Umair/Learnify-ror-/glibc-2.28/build/elf/rtld-libc.a(rtld-profil.os)
                              /home/ror/Umair/Learnify-ror-/glibc-2.28/build/elf/dl-allobjs.os (__profil)
/home/ror/Umair/Learnify-ror-/glibc-2.28/build/elf/rtld-libc.a(rtld-prof-freq.os)
                              /home/ror/Umair/Learnify-ror-/glibc-2.28/build/elf/dl-allobjs.os (__profile_frequency)
/home/ror/Umair/Learnify-ror-/glibc-2.28/build/elf/rtld-libc.a(rtld-xstat.os)
                              /home/ror/Umair/Learnify-ror-/glibc-2.28/build/elf/dl-allobjs.os (__GI___xstat64)
/home/ror/Umair/Learnify-ror-/glibc-2.28/build/elf/rtld-libc.a(rtld-fxstat.os)
                              /home/ror/Umair/Learnify-ror-/glibc-2.28/build/elf/dl-allobjs.os (__GI___fxstat64)
/home/ror/Umair/Learnify-ror-/glibc-2.28/build/elf/rtld-libc.a(rtld-lxstat.os)
                              /home/ror/Umair/Learnify-ror-/glibc-2.28/build/elf/dl-allobjs.os (__GI___lxstat64)
/home/ror/Umair/Learnify-ror-/glibc-2.28/build/elf/rtld-libc.a(rtld-lseek64.os)
                              /home/ror/Umair/Learnify-ror-/glibc-2.28/build/elf/dl-allobjs.os (__lseek)
/home/ror/Umair/Learnify-ror-/glibc-2.28/build/elf/rtld-libc.a(rtld-access.os)
                              /home/ror/Umair/Learnify-ror-/glibc-2.28/build/elf/dl-allobjs.os (__access)
/home/ror/Umair/Learnify-ror-/glibc-2.28/build/elf/rtld-libc.a(rtld-close_nocancel.os)
                              /home/ror/Umair/Learnify-ror-/glibc-2.28/build/elf/dl-allobjs.os (__GI___close_nocancel)
/home/ror/Umair/Learnify-ror-/glibc-2.28/build/elf/rtld-libc.a(rtld-fcntl_nocancel.os)
                              /home/ror/Umair/Learnify-ror-/glibc-2.28/build/elf/dl-allobjs.os (__GI___fcntl64_nocancel)
/home/ror/Umair/Learnify-ror-/glibc-2.28/build/elf/rtld-libc.a(rtld-open64_nocancel.os)
                              /home/ror/Umair/Learnify-ror-/glibc-2.28/build/elf/dl-allobjs.os (__GI___open64_nocancel)
/home/ror/Umair/Learnify-ror-/glibc-2.28/build/elf/rtld-libc.a(rtld-openat64_nocancel.os)
                              /home/ror/Umair/Learnify-ror-/glibc-2.28/build/elf/dl-allobjs.os (__GI___openat64_nocancel)
/home/ror/Umair/Learnify-ror-/glibc-2.28/build/elf/rtld-libc.a(rtld-read_nocancel.os)
                              /home/ror/Umair/Learnify-ror-/glibc-2.28/build/elf/dl-allobjs.os (__GI___read_nocancel)
/home/ror/Umair/Learnify-ror-/glibc-2.28/build/elf/rtld-libc.a(rtld-write_nocancel.os)
                              /home/ror/Umair/Learnify-ror-/glibc-2.28/build/elf/dl-allobjs.os (__GI___write_nocancel)
/home/ror/Umair/Learnify-ror-/glibc-2.28/build/elf/rtld-libc.a(rtld-scratch_buffer_set_array_size.os)
                              /home/ror/Umair/Learnify-ror-/glibc-2.28/build/elf/dl-allobjs.os (__libc_scratch_buffer_set_array_size)
/home/ror/Umair/Learnify-ror-/glibc-2.28/build/elf/rtld-libc.a(rtld-mmap64.os)
                              /home/ror/Umair/Learnify-ror-/glibc-2.28/build/elf/dl-allobjs.os (__mmap)
/home/ror/Umair/Learnify-ror-/glibc-2.28/build/elf/rtld-libc.a(rtld-munmap.os)
                              /home/ror/Umair/Learnify-ror-/glibc-2.28/build/elf/dl-allobjs.os (__munmap)
/home/ror/Umair/Learnify-ror-/glibc-2.28/build/elf/rtld-libc.a(rtld-mprotect.os)
                              /home/ror/Umair/Learnify-ror-/glibc-2.28/build/elf/dl-allobjs.os (__mprotect)
[...]
Memory Configuration

Name             Origin             Length             Attributes
*default*        0x0000000000000000 0xffffffffffffffff

Linker script and memory map

START GROUP
LOAD /home/ror/Umair/Learnify-ror-/glibc-2.28/build/elf/dl-allobjs.os
LOAD /home/ror/Umair/Learnify-ror-/glibc-2.28/build/elf/rtld-libc.a
LOAD /usr/lib/gcc/x86_64-linux-gnu/7/libgcc.a
END GROUP

.interp
 *(.interp)

.note.gnu.build-id
 *(.note.gnu.build-id)

.hash
 *(.hash)

.gnu.hash
 *(.gnu.hash)

.dynsym
 *(.dynsym)

.dynstr
 *(.dynstr)

.gnu.version
 *(.gnu.version)

.gnu.version_d
 *(.gnu.version_d)

.gnu.version_r
 *(.gnu.version_r)

.rela.init
 *(.rela.init)

.rela.text
 *(.rela.text)

.rela.fini
 *(.rela.fini)

.rela.rodata
 *(.rela.rodata)

.rela.data.rel.ro
 *(.rela.data.rel.ro)

.rela.data
 *(.rela.data)

.rela.tdata
 *(.rela.tdata)

.rela.tbss
 *(.rela.tbss)

.rela.ctors
 *(.rela.ctors)

.rela.dtors
 *(.rela.dtors)

.rela.got
 *(.rela.got)

.rela.bss
 *(.rela.bss)

.rela.ldata
 *(.rela.ldata)

.rela.lbss
 *(.rela.lbss)

.rela.lrodata
 *(.rela.lrodata)

.rela.ifunc
 *(.rela.ifunc)

.rela.plt
 *(.rela.plt)

.init
 *(SORT_NONE(.init))

.plt
 *(.plt)
 *(.iplt)

.plt.got
 *(.plt.got)

.plt.sec
 *(.plt.sec)

.text           0x0000000000000000    0x1d780
 *(.text .stub)
 .text          0x0000000000000000    0x18b10 /home/ror/Umair/Learnify-ror-/glibc-2.28/build/elf/dl-allobjs.os
                0x0000000000000000                _start
                0x0000000000000008                _dl_start_user
                0x0000000000001270                handle_ld_preload
                0x00000000000068c0                _dl_dst_count
                0x0000000000006960                _dl_dst_substitute
                0x0000000000007120                _dl_init_paths
                0x0000000000007420                _dl_map_object
                0x0000000000007e80                _dl_rtld_di_serinfo
                0x0000000000008dd0                _dl_lookup_symbol_x
                0x0000000000009cf0                _dl_setup_hash
                0x0000000000009da0                _dl_add_to_namespace_list
                0x0000000000009e30                _dl_new_object
                0x000000000000a1a0                _dl_try_allocate_static_tls
                0x000000000000a280                _dl_allocate_static_tls
                0x000000000000a2b0                _dl_nothread_init_static_tls
                0x000000000000a2f0                _dl_protect_relro
                0x000000000000a360                _dl_reloc_bad_type
                0x000000000000a430                _dl_relocate_object
                0x000000000000be60                _dl_map_object_deps
                0x000000000000ceb0                _dl_important_hwcaps
                0x000000000000d670                _dl_fixup
                0x000000000000d830                _dl_profile_fixup
                0x000000000000de20                _dl_call_pltexit
                0x000000000000e040                _dl_init
                0x000000000000e180                _dl_fini
                0x000000000000e560                _dl_debug_state
                0x000000000000e560                __GI__dl_debug_state
                0x000000000000e570                _dl_debug_initialize
                0x000000000000ec00                _dl_sysdep_read_whole_file
                0x000000000000ec90                _dl_debug_printf
                0x000000000000ed40                _dl_debug_printf_c
                0x000000000000edf0                _dl_dprintf
                0x000000000000ee90                _dl_name_match_p
                0x000000000000ef00                _dl_higher_prime_number
                0x000000000000ef80                _dl_strtoul
                0x000000000000f0f0                _dl_check_map_versions
                0x000000000000f850                _dl_check_all_versions
                0x000000000000f8c0                _dl_start_profile
                0x0000000000010020                __GI__dl_mcount
                0x0000000000010020                _dl_mcount
                0x0000000000010570                _dl_next_tls_modid
                0x0000000000010670                _dl_count_modids
                0x00000000000106e0                _dl_determine_tlsoffset
                0x00000000000108a0                _dl_get_tls_static_info
                0x00000000000108c0                _dl_allocate_tls_storage
                0x0000000000010980                __GI__dl_allocate_tls_init
                0x0000000000010980                _dl_allocate_tls_init
                0x0000000000010c00                __GI__dl_allocate_tls
                0x0000000000010c00                _dl_allocate_tls
                0x0000000000010c40                _dl_deallocate_tls
                0x0000000000010c40                __GI__dl_deallocate_tls
                0x0000000000010cc0                _dl_update_slotinfo
                0x0000000000010f30                __GI___tls_get_addr
                0x0000000000010f30                ___tls_get_addr
                0x0000000000010f70                _dl_tls_get_addr_soft
                0x0000000000010ff0                _dl_add_to_slotinfo
                0x00000000000110e0                __tls_get_addr_slow
                0x0000000000011110                _dl_get_origin
                0x00000000000112b0                _dl_scope_free
                0x0000000000011380                _dl_make_stack_executable
                0x0000000000011380                __GI__dl_make_stack_executable
                0x00000000000115f0                __GI__dl_find_dso_for_object
                0x00000000000115f0                _dl_find_dso_for_object
                0x00000000000116c0                _dl_open
                0x00000000000119e0                _dl_show_scope
                0x00000000000123f0                _dl_close_worker
                0x0000000000013430                _dl_close
                0x00000000000134a0                _dl_runtime_profile_avx512
                0x0000000000013920                _dl_runtime_profile_avx
                0x0000000000013da0                _dl_runtime_profile_sse
                0x0000000000013fa0                _dl_runtime_resolve_fxsave
                0x0000000000014020                _dl_runtime_resolve_xsave
                0x00000000000140f0                _dl_runtime_resolve_xsavec
                0x00000000000141e0                _dl_exception_create
                0x00000000000141e0                __GI__dl_exception_create
                0x00000000000142e0                __GI__dl_exception_create_format
                0x00000000000142e0                _dl_exception_create_format
                0x0000000000014600                _dl_exception_free
                0x0000000000014600                __GI__dl_exception_free
                0x0000000000014630                _dl_sort_maps
                0x0000000000014910                _dl_cache_libcmp
                0x00000000000149e0                _dl_load_cache_lookup
                0x0000000000015060                _dl_unload_cache
                0x0000000000015160                __tunable_set_val
                0x0000000000015180                __GI___tunables_init
                0x0000000000015640                __tunable_get_val
                0x0000000000015640                __GI___tunable_get_val
                0x00000000000156a0                _dl_make_tlsdesc_dynamic
                0x00000000000159a0                _dl_tlsdesc_resolve_rela_fixup
                0x0000000000015b60                _dl_tlsdesc_resolve_hold_fixup
                0x0000000000015ba0                _dl_unmap
                0x0000000000015c20                _dl_tlsdesc_return
                0x0000000000015c30                _dl_tlsdesc_undefweak
                0x0000000000015c40                _dl_tlsdesc_dynamic
                0x0000000000015ce0                _dl_tlsdesc_resolve_rela
                0x0000000000015d50                _dl_tlsdesc_resolve_hold
                0x0000000000015dd0                __tls_get_addr
                0x0000000000015e10                __get_cpu_features
                0x0000000000015e20                _dl_tunable_set_hwcaps
                0x0000000000016d90                _dl_sysdep_start
                0x0000000000017560                _dl_sysdep_start_cleanup
                0x0000000000017570                _dl_show_auxv
                0x00000000000176f0                _dl_discover_osversion
                0x00000000000178d0                _dl_next_ld_env_entry
                0x0000000000017920                unsetenv
                0x0000000000017990                malloc
                0x0000000000017ac0                calloc
                0x0000000000017b00                free
                0x0000000000017b40                __sigjmp_save
                0x0000000000017b50                __strerror_r
                0x0000000000017c30                __GI___libc_fatal
                0x0000000000017c30                __libc_fatal
                0x0000000000017c60                __GI___chk_fail
                0x0000000000017c60                __chk_fail
                0x0000000000017c70                __GI___assert_fail
                0x0000000000017c70                __assert_fail
                0x0000000000017cc0                realloc
                0x0000000000017d50                __GI___assert_perror_fail
                0x0000000000017d50                __assert_perror_fail
                0x0000000000017dc0                _itoa
                0x0000000000017e10                __strsep
                0x0000000000017e10                strsep
                0x0000000000017e10                __strsep_g
                0x0000000000017f50                _dl_signal_exception
                0x0000000000017fa0                _dl_signal_error
                0x0000000000017ff0                _dl_signal_cexception
                0x0000000000018070                _dl_signal_cerror
                0x0000000000018100                _dl_catch_exception
                0x00000000000181b0                _dl_catch_error
                0x0000000000018200                _dl_receive_error
                0x0000000000018240                _dl_resolve_conflicts
                0x00000000000183b0                __brk
                0x00000000000183b0                brk
                0x0000000000018400                sbrk
                0x0000000000018400                __sbrk
                0x0000000000018490                __getcwd
                0x0000000000018490                getcwd
                0x00000000000188c0                openat64
                0x0000000000018920                __alloc_dir
                0x0000000000018a20                __opendir
                0x0000000000018a20                opendir
                0x0000000000018ac0                __fxstatat
                0x0000000000018ac0                __fxstatat64
                0x0000000000018ac0                __GI___fxstatat64
 .text          0x0000000000018b10       0xd2 /home/ror/Umair/Learnify-ror-/glibc-2.28/build/elf/rtld-libc.a(rtld-check_fds.os)
                0x0000000000018bb0                __libc_check_standard_fds
 .text          0x0000000000018be2        0x0 /home/ror/Umair/Learnify-ror-/glibc-2.28/build/elf/rtld-libc.a(rtld-errno.os)
 *fill*         0x0000000000018be2        0xe 
 .text          0x0000000000018bf0       0x28 /home/ror/Umair/Learnify-ror-/glibc-2.28/build/elf/rtld-libc.a(rtld-closedir.os)
                0x0000000000018bf0                __closedir
                0x0000000000018bf0                closedir
 *fill*         0x0000000000018c18        0x8 
 .text          0x0000000000018c20       0x30 /home/ror/Umair/Learnify-ror-/glibc-2.28/build/elf/rtld-libc.a(rtld-rewinddir.os)
                0x0000000000018c20                rewinddir
                0x0000000000018c20                __rewinddir
 .text          0x0000000000018c50       0x8d /home/ror/Umair/Learnify-ror-/glibc-2.28/build/elf/rtld-libc.a(rtld-readdir64.os)
                0x0000000000018c50                readdir
                0x0000000000018c50                __readdir64
                0x0000000000018c50                __readdir
                0x0000000000018c50                readdir64
 *fill*         0x0000000000018cdd        0x3 
 .text          0x0000000000018ce0       0x9e /home/ror/Umair/Learnify-ror-/glibc-2.28/build/elf/rtld-libc.a(rtld-fdopendir.os)
                0x0000000000018ce0                fdopendir
                0x0000000000018ce0                __fdopendir
 *fill*         0x0000000000018d7e        0x2 
 .text          0x0000000000018d80       0x28 /home/ror/Umair/Learnify-ror-/glibc-2.28/build/elf/rtld-libc.a(rtld-getdents64.os)
                0x0000000000018d80                __getdents
                0x0000000000018d80                __getdents64
 *fill*         0x0000000000018da8        0x8 
 .text          0x0000000000018db0       0x53 /home/ror/Umair/Learnify-ror-/glibc-2.28/build/elf/rtld-libc.a(rtld-dl-addr-obj.os)
                0x0000000000018db0                _dl_addr_inside_object
 *fill*         0x0000000000018e03        0xd 
 .text          0x0000000000018e10      0x103 /home/ror/Umair/Learnify-ror-/glibc-2.28/build/elf/rtld-libc.a(rtld-profil.os)
                0x0000000000018e60                __profil
                0x0000000000018e60                profil
 *fill*         0x0000000000018f13        0xd 
 .text          0x0000000000018f20        0x7 /home/ror/Umair/Learnify-ror-/glibc-2.28/build/elf/rtld-libc.a(rtld-prof-freq.os)
                0x0000000000018f20                __profile_frequency
 *fill*         0x0000000000018f27        0x9 
 .text          0x0000000000018f30       0x40 /home/ror/Umair/Learnify-ror-/glibc-2.28/build/elf/rtld-libc.a(rtld-xstat.os)
                0x0000000000018f30                _xstat
                0x0000000000018f30                __xstat64
                0x0000000000018f30                __GI___xstat64
                0x0000000000018f30                __GI___xstat
                0x0000000000018f30                __xstat
 .text          0x0000000000018f70       0x40 /home/ror/Umair/Learnify-ror-/glibc-2.28/build/elf/rtld-libc.a(rtld-fxstat.os)
                0x0000000000018f70                __GI___fxstat
                0x0000000000018f70                __GI___fxstat64
                0x0000000000018f70                __fxstat64
                0x0000000000018f70                _fxstat
                0x0000000000018f70                __fxstat
 .text          0x0000000000018fb0       0x40 /home/ror/Umair/Learnify-ror-/glibc-2.28/build/elf/rtld-libc.a(rtld-lxstat.os)
                0x0000000000018fb0                __GI___lxstat
                0x0000000000018fb0                _lxstat
                0x0000000000018fb0                __lxstat
                0x0000000000018fb0                __lxstat64
                0x0000000000018fb0                __GI___lxstat64
 .text          0x0000000000018ff0       0x28 /home/ror/Umair/Learnify-ror-/glibc-2.28/build/elf/rtld-libc.a(rtld-lseek64.os)
                0x0000000000018ff0                __lseek64
                0x0000000000018ff0                lseek
                0x0000000000018ff0                __libc_lseek64
                0x0000000000018ff0                __lseek
                0x0000000000018ff0                __libc_lseek
                0x0000000000018ff0                lseek64
 *fill*         0x0000000000019018        0x8 
 .text          0x0000000000019020       0x26 /home/ror/Umair/Learnify-ror-/glibc-2.28/build/elf/rtld-libc.a(rtld-access.os)
                0x0000000000019020                access
                0x0000000000019020                __access
 *fill*         0x0000000000019046        0xa 
 .text          0x0000000000019050       0x26 /home/ror/Umair/Learnify-ror-/glibc-2.28/build/elf/rtld-libc.a(rtld-close_nocancel.os)
                0x0000000000019050                __GI___close_nocancel
 *fill*         0x0000000000019076        0xa 
 .text          0x0000000000019080       0x8f /home/ror/Umair/Learnify-ror-/glibc-2.28/build/elf/rtld-libc.a(rtld-fcntl_nocancel.os)
                0x0000000000019080                __fcntl64_nocancel_adjusted
                0x00000000000190e0                __fcntl64_nocancel
                0x00000000000190e0                __GI___fcntl64_nocancel
 *fill*         0x000000000001910f        0x1 
 .text          0x0000000000019110       0x76 /home/ror/Umair/Learnify-ror-/glibc-2.28/build/elf/rtld-libc.a(rtld-open64_nocancel.os)
                0x0000000000019110                __GI___open_nocancel
                0x0000000000019110                __open_nocancel
                0x0000000000019110                __GI___open64_nocancel
                0x0000000000019110                __open64_nocancel
 *fill*         0x0000000000019186        0xa 
 .text          0x0000000000019190       0x66 /home/ror/Umair/Learnify-ror-/glibc-2.28/build/elf/rtld-libc.a(rtld-openat64_nocancel.os)
                0x0000000000019190                __GI___openat64_nocancel
                0x0000000000019190                __openat64_nocancel
                0x0000000000019190                __GI___openat_nocancel
                0x0000000000019190                __openat_nocancel
 *fill*         0x00000000000191f6        0xa 
 .text          0x0000000000019200       0x20 /home/ror/Umair/Learnify-ror-/glibc-2.28/build/elf/rtld-libc.a(rtld-read_nocancel.os)
                0x0000000000019200                __read_nocancel
                0x0000000000019200                __GI___read_nocancel
 .text          0x0000000000019220       0x28 /home/ror/Umair/Learnify-ror-/glibc-2.28/build/elf/rtld-libc.a(rtld-write_nocancel.os)
                0x0000000000019220                __GI___write_nocancel
                0x0000000000019220                __write_nocancel
 *fill*         0x0000000000019248        0x8 
 .text          0x0000000000019250       0xb0 /home/ror/Umair/Learnify-ror-/glibc-2.28/build/elf/rtld-libc.a(rtld-scratch_buffer_set_array_size.os)
                0x0000000000019250                __libc_scratch_buffer_set_array_size
 .text          0x0000000000019300       0xc1 /home/ror/Umair/Learnify-ror-/glibc-2.28/build/elf/rtld-libc.a(rtld-mmap64.os)
                0x0000000000019300                __mmap
                0x0000000000019300                mmap
                0x0000000000019300                __mmap64
                0x0000000000019300                mmap64
 *fill*         0x00000000000193c1        0xf 
 .text          0x00000000000193d0       0x20 /home/ror/Umair/Learnify-ror-/glibc-2.28/build/elf/rtld-libc.a(rtld-munmap.os)
                0x00000000000193d0                munmap
                0x00000000000193d0                __GI___munmap
                0x00000000000193d0                __GI_munmap
                0x00000000000193d0                __munmap
 .text          0x00000000000193f0       0x20 /home/ror/Umair/Learnify-ror-/glibc-2.28/build/elf/rtld-libc.a(rtld-mprotect.os)
                0x00000000000193f0                __mprotect
                0x00000000000193f0                __GI___mprotect
                0x00000000000193f0                __GI_mprotect
                0x00000000000193f0                mprotect
 .text          0x0000000000019410       0x20 /home/ror/Umair/Learnify-ror-/glibc-2.28/build/elf/rtld-libc.a(rtld-uname.os)
                0x0000000000019410                uname
                0x0000000000019410                __GI_uname
                0x0000000000019410                __uname
                0x0000000000019410                __GI___uname
 .text          0x0000000000019430       0x4a /home/ror/Umair/Learnify-ror-/glibc-2.28/build/elf/rtld-libc.a(rtld-_exit.os)
                0x0000000000019430                _Exit
                0x0000000000019430                __GI__exit
                0x0000000000019430                _exit
 *fill*         0x000000000001947a        0x6 
 .text          0x0000000000019480        0x8 /home/ror/Umair/Learnify-ror-/glibc-2.28/build/elf/rtld-libc.a(rtld-getpid.os)
                0x0000000000019480                __getpid
                0x0000000000019480                getpid
                0x0000000000019480                __GI_getpid
                0x0000000000019480                __GI___getpid
 .text          0x0000000000019488        0x0 /home/ror/Umair/Learnify-ror-/glibc-2.28/build/elf/rtld-libc.a(rtld-environ.os)
 *fill*         0x0000000000019488        0x8 
 .text          0x0000000000019490       0x4f /home/ror/Umair/Learnify-ror-/glibc-2.28/build/elf/rtld-libc.a(rtld-setjmp.os)
                0x0000000000019490                __sigsetjmp
                0x0000000000019490                __GI___sigsetjmp
 *fill*         0x00000000000194df        0x1 
 .text          0x00000000000194e0       0x4a /home/ror/Umair/Learnify-ror-/glibc-2.28/build/elf/rtld-libc.a(rtld-__longjmp.os)
                0x00000000000194e0                __longjmp
 *fill*         0x000000000001952a        0x6 
 .text          0x0000000000019530      0x1e8 /home/ror/Umair/Learnify-ror-/glibc-2.28/build/elf/rtld-libc.a(rtld-sigaction.os)
                0x0000000000019550                __libc_sigaction
                0x00000000000196f0                sigaction
                0x00000000000196f0                __sigaction
 *fill*         0x0000000000019718        0x8 
 .text          0x0000000000019720       0x41 /home/ror/Umair/Learnify-ror-/glibc-2.28/build/elf/rtld-libc.a(rtld-strdup.os)
                0x0000000000019720                __strdup
                0x0000000000019720                strdup
 *fill*         0x0000000000019761        0xf 
 .text          0x0000000000019770     0x1439 /home/ror/Umair/Learnify-ror-/glibc-2.28/build/elf/rtld-libc.a(rtld-strcmp-sse2.os)
                0x0000000000019770                strcmp
 *fill*         0x000000000001aba9        0x7 
 .text          0x000000000001abb0     0x1849 /home/ror/Umair/Learnify-ror-/glibc-2.28/build/elf/rtld-libc.a(rtld-strncmp-sse2.os)
                0x000000000001abb0                strncmp
 *fill*         0x000000000001c3f9        0x7 
 .text          0x000000000001c400      0x323 /home/ror/Umair/Learnify-ror-/glibc-2.28/build/elf/rtld-libc.a(rtld-memchr-sse2.os)
                0x000000000001c400                memchr
                0x000000000001c400                __memchr
 *fill*         0x000000000001c723        0xd 
 .text          0x000000000001c730      0x1f9 /home/ror/Umair/Learnify-ror-/glibc-2.28/build/elf/rtld-libc.a(rtld-rawmemchr-sse2.os)
                0x000000000001c730                __rawmemchr
                0x000000000001c730                rawmemchr
 *fill*         0x000000000001c929        0x7 
 .text          0x000000000001c930      0x400 /home/ror/Umair/Learnify-ror-/glibc-2.28/build/elf/rtld-libc.a(rtld-memcmp-sse2.os)
                0x000000000001c930                bcmp
                0x000000000001c930                memcmp
 .text          0x000000000001cd30      0x21a /home/ror/Umair/Learnify-ror-/glibc-2.28/build/elf/rtld-libc.a(rtld-strchr-sse2.os)
                0x000000000001cd30                index
                0x000000000001cd30                strchr
 *fill*         0x000000000001cf4a        0x6 
 .text          0x000000000001cf50      0x19c /home/ror/Umair/Learnify-ror-/glibc-2.28/build/elf/rtld-libc.a(rtld-strlen-sse2.os)
                0x000000000001cf50                strlen
 *fill*         0x000000000001d0ec        0x4 
 .text          0x000000000001d0f0      0x218 /home/ror/Umair/Learnify-ror-/glibc-2.28/build/elf/rtld-libc.a(rtld-strnlen-sse2.os)
                0x000000000001d0f0                __strnlen
                0x000000000001d0f0                strnlen
 *fill*         0x000000000001d308        0x8 
 .text          0x000000000001d310       0xdc /home/ror/Umair/Learnify-ror-/glibc-2.28/build/elf/rtld-libc.a(rtld-stpcpy-sse2.os)
                0x000000000001d310                stpcpy
                0x000000000001d310                __stpcpy
 *fill*         0x000000000001d3ec        0x4 
 .text          0x000000000001d3f0       0x97 /home/ror/Umair/Learnify-ror-/glibc-2.28/build/elf/rtld-libc.a(rtld-strcspn-sse2.os)
                0x000000000001d3f0                strcspn
 *fill*         0x000000000001d487        0x9 
 .text          0x000000000001d490      0x1ed /home/ror/Umair/Learnify-ror-/glibc-2.28/build/elf/rtld-libc.a(rtld-memmove-sse2-unaligned-erms.os)
                0x000000000001d490                mempcpy
                0x000000000001d490                __mempcpy
                0x000000000001d4a0                memmove
                0x000000000001d4a0                memcpy
 *fill*         0x000000000001d67d        0x3 
 .text          0x000000000001d680       0xda /home/ror/Umair/Learnify-ror-/glibc-2.28/build/elf/rtld-libc.a(rtld-memset-sse2-unaligned-erms.os)
                0x000000000001d680                memset
 *fill*         0x000000000001d75a        0x6 
 .text          0x000000000001d760       0x20 /home/ror/Umair/Learnify-ror-/glibc-2.28/build/elf/rtld-libc.a(rtld-setitimer.os)
                0x000000000001d760                setitimer
                0x000000000001d760                __setitimer
                0x000000000001d760                __GI_setitimer
                0x000000000001d760                __GI___setitimer
 *(.gnu.warning)

.text.unlikely  0x0000000000000000      0x172
 .text.unlikely
                0x0000000000000000      0x172 /home/ror/Umair/Learnify-ror-/glibc-2.28/build/elf/dl-allobjs.os

.fini
 *(SORT_NONE(.fini))

.rodata         0x0000000000000000      0xdc8
 *(.rodata)
 .rodata        0x0000000000000000      0xd48 /home/ror/Umair/Learnify-ror-/glibc-2.28/build/elf/dl-allobjs.os
                0x0000000000000ca0                __GI__itoa_lower_digits
                0x0000000000000ca0                _itoa_lower_digits
 .rodata        0x0000000000000d48       0x40 /home/ror/Umair/Learnify-ror-/glibc-2.28/build/elf/rtld-libc.a(rtld-strcmp-sse2.os)
 .rodata        0x0000000000000d88       0x40 /home/ror/Umair/Learnify-ror-/glibc-2.28/build/elf/rtld-libc.a(rtld-strncmp-sse2.os)

.rodata.str1.1  0x0000000000000000     0x1212
 .rodata.str1.1
                0x0000000000000000     0x11fe /home/ror/Umair/Learnify-ror-/glibc-2.28/build/elf/dl-allobjs.os
 .rodata.str1.1
                0x00000000000011fe       0x14 /home/ror/Umair/Learnify-ror-/glibc-2.28/build/elf/rtld-libc.a(rtld-check_fds.os)

.rodata.str1.8  0x0000000000000000     0x2531
 .rodata.str1.8
                0x0000000000000000     0x2531 /home/ror/Umair/Learnify-ror-/glibc-2.28/build/elf/dl-allobjs.os

.rodata.str1.16
                0x0000000000000000      0x346
 .rodata.str1.16
                0x0000000000000000      0x346 /home/ror/Umair/Learnify-ror-/glibc-2.28/build/elf/dl-allobjs.os

.rodata.cst16   0x0000000000000000       0x20
 .rodata.cst16  0x0000000000000000       0x20 /home/ror/Umair/Learnify-ror-/glibc-2.28/build/elf/dl-allobjs.os

.rodata.cst4    0x0000000000000000        0x4
 .rodata.cst4   0x0000000000000000        0x4 /home/ror/Umair/Learnify-ror-/glibc-2.28/build/elf/dl-allobjs.os

.rodata.str1.32
                0x0000000000000000       0x3b
 .rodata.str1.32
                0x0000000000000000       0x3b /home/ror/Umair/Learnify-ror-/glibc-2.28/build/elf/dl-allobjs.os

.rodata1
 *(.rodata1)

.eh_frame_hdr
 *(.eh_frame_hdr)

.eh_frame       0x0000000000000000     0x2edc
 *(.eh_frame)
 .eh_frame      0x0000000000000000     0x2480 /home/ror/Umair/Learnify-ror-/glibc-2.28/build/elf/dl-allobjs.os
                                       0x24c4 (size before relaxing)
 *fill*         0x0000000000002480        0x0 
 .eh_frame      0x0000000000002480       0x68 /home/ror/Umair/Learnify-ror-/glibc-2.28/build/elf/rtld-libc.a(rtld-check_fds.os)
 .eh_frame      0x00000000000024e8       0x38 /home/ror/Umair/Learnify-ror-/glibc-2.28/build/elf/rtld-libc.a(rtld-closedir.os)
 .eh_frame      0x0000000000002520       0x38 /home/ror/Umair/Learnify-ror-/glibc-2.28/build/elf/rtld-libc.a(rtld-rewinddir.os)
 .eh_frame      0x0000000000002558       0x48 /home/ror/Umair/Learnify-ror-/glibc-2.28/build/elf/rtld-libc.a(rtld-readdir64.os)
 .eh_frame      0x00000000000025a0       0x50 /home/ror/Umair/Learnify-ror-/glibc-2.28/build/elf/rtld-libc.a(rtld-fdopendir.os)
 .eh_frame      0x00000000000025f0       0x30 /home/ror/Umair/Learnify-ror-/glibc-2.28/build/elf/rtld-libc.a(rtld-getdents64.os)
 .eh_frame      0x0000000000002620       0x30 /home/ror/Umair/Learnify-ror-/glibc-2.28/build/elf/rtld-libc.a(rtld-dl-addr-obj.os)
 .eh_frame      0x0000000000002650       0x48 /home/ror/Umair/Learnify-ror-/glibc-2.28/build/elf/rtld-libc.a(rtld-profil.os)
 .eh_frame      0x0000000000002698       0x30 /home/ror/Umair/Learnify-ror-/glibc-2.28/build/elf/rtld-libc.a(rtld-prof-freq.os)
 .eh_frame      0x00000000000026c8       0x30 /home/ror/Umair/Learnify-ror-/glibc-2.28/build/elf/rtld-libc.a(rtld-xstat.os)
 .eh_frame      0x00000000000026f8       0x30 /home/ror/Umair/Learnify-ror-/glibc-2.28/build/elf/rtld-libc.a(rtld-fxstat.os)
 .eh_frame      0x0000000000002728       0x30 /home/ror/Umair/Learnify-ror-/glibc-2.28/build/elf/rtld-libc.a(rtld-lxstat.os)
 .eh_frame      0x0000000000002758       0x30 /home/ror/Umair/Learnify-ror-/glibc-2.28/build/elf/rtld-libc.a(rtld-lseek64.os)
 .eh_frame      0x0000000000002788       0x30 /home/ror/Umair/Learnify-ror-/glibc-2.28/build/elf/rtld-libc.a(rtld-access.os)
 .eh_frame      0x00000000000027b8       0x30 /home/ror/Umair/Learnify-ror-/glibc-2.28/build/elf/rtld-libc.a(rtld-close_nocancel.os)
 .eh_frame      0x00000000000027e8       0x48 /home/ror/Umair/Learnify-ror-/glibc-2.28/build/elf/rtld-libc.a(rtld-fcntl_nocancel.os)
 .eh_frame      0x0000000000002830       0x30 /home/ror/Umair/Learnify-ror-/glibc-2.28/build/elf/rtld-libc.a(rtld-open64_nocancel.os)
 .eh_frame      0x0000000000002860       0x30 /home/ror/Umair/Learnify-ror-/glibc-2.28/build/elf/rtld-libc.a(rtld-openat64_nocancel.os)
 .eh_frame      0x0000000000002890       0x30 /home/ror/Umair/Learnify-ror-/glibc-2.28/build/elf/rtld-libc.a(rtld-read_nocancel.os)
 .eh_frame      0x00000000000028c0       0x30 /home/ror/Umair/Learnify-ror-/glibc-2.28/build/elf/rtld-libc.a(rtld-write_nocancel.os)
 .eh_frame      0x00000000000028f0       0x60 /home/ror/Umair/Learnify-ror-/glibc-2.28/build/elf/rtld-libc.a(rtld-scratch_buffer_set_array_size.os)
 .eh_frame      0x0000000000002950       0x70 /home/ror/Umair/Learnify-ror-/glibc-2.28/build/elf/rtld-libc.a(rtld-mmap64.os)
 .eh_frame      0x00000000000029c0       0x30 /home/ror/Umair/Learnify-ror-/glibc-2.28/build/elf/rtld-libc.a(rtld-munmap.os)
 .eh_frame      0x00000000000029f0       0x30 /home/ror/Umair/Learnify-ror-/glibc-2.28/build/elf/rtld-libc.a(rtld-mprotect.os)
 .eh_frame      0x0000000000002a20       0x30 /home/ror/Umair/Learnify-ror-/glibc-2.28/build/elf/rtld-libc.a(rtld-uname.os)
 .eh_frame      0x0000000000002a50       0x30 /home/ror/Umair/Learnify-ror-/glibc-2.28/build/elf/rtld-libc.a(rtld-_exit.os)
 .eh_frame      0x0000000000002a80       0x30 /home/ror/Umair/Learnify-ror-/glibc-2.28/build/elf/rtld-libc.a(rtld-getpid.os)
 .eh_frame      0x0000000000002ab0       0x30 /home/ror/Umair/Learnify-ror-/glibc-2.28/build/elf/rtld-libc.a(rtld-setjmp.os)
 .eh_frame      0x0000000000002ae0       0x48 /home/ror/Umair/Learnify-ror-/glibc-2.28/build/elf/rtld-libc.a(rtld-__longjmp.os)
 .eh_frame      0x0000000000002b28       0xe0 /home/ror/Umair/Learnify-ror-/glibc-2.28/build/elf/rtld-libc.a(rtld-sigaction.os)
                                         0xe8 (size before relaxing)
 .eh_frame      0x0000000000002c08       0x50 /home/ror/Umair/Learnify-ror-/glibc-2.28/build/elf/rtld-libc.a(rtld-strdup.os)
 .eh_frame      0x0000000000002c58       0x30 /home/ror/Umair/Learnify-ror-/glibc-2.28/build/elf/rtld-libc.a(rtld-strcmp-sse2.os)
 .eh_frame      0x0000000000002c88       0x30 /home/ror/Umair/Learnify-ror-/glibc-2.28/build/elf/rtld-libc.a(rtld-strncmp-sse2.os)
 .eh_frame      0x0000000000002cb8       0x30 /home/ror/Umair/Learnify-ror-/glibc-2.28/build/elf/rtld-libc.a(rtld-memchr-sse2.os)
 .eh_frame      0x0000000000002ce8       0x30 /home/ror/Umair/Learnify-ror-/glibc-2.28/build/elf/rtld-libc.a(rtld-rawmemchr-sse2.os)
 .eh_frame      0x0000000000002d18       0x30 /home/ror/Umair/Learnify-ror-/glibc-2.28/build/elf/rtld-libc.a(rtld-memcmp-sse2.os)
 .eh_frame      0x0000000000002d48       0x30 /home/ror/Umair/Learnify-ror-/glibc-2.28/build/elf/rtld-libc.a(rtld-strchr-sse2.os)
 .eh_frame      0x0000000000002d78       0x30 /home/ror/Umair/Learnify-ror-/glibc-2.28/build/elf/rtld-libc.a(rtld-strlen-sse2.os)
 .eh_frame      0x0000000000002da8       0x30 /home/ror/Umair/Learnify-ror-/glibc-2.28/build/elf/rtld-libc.a(rtld-strnlen-sse2.os)
 .eh_frame      0x0000000000002dd8       0x30 /home/ror/Umair/Learnify-ror-/glibc-2.28/build/elf/rtld-libc.a(rtld-stpcpy-sse2.os)
 .eh_frame      0x0000000000002e08       0x38 /home/ror/Umair/Learnify-ror-/glibc-2.28/build/elf/rtld-libc.a(rtld-strcspn-sse2.os)
 .eh_frame      0x0000000000002e40       0x40 /home/ror/Umair/Learnify-ror-/glibc-2.28/build/elf/rtld-libc.a(rtld-memmove-sse2-unaligned-erms.os)
 .eh_frame      0x0000000000002e80       0x30 /home/ror/Umair/Learnify-ror-/glibc-2.28/build/elf/rtld-libc.a(rtld-memset-sse2-unaligned-erms.os)
 .eh_frame      0x0000000000002eb0       0x2c /home/ror/Umair/Learnify-ror-/glibc-2.28/build/elf/rtld-libc.a(rtld-setitimer.os)
                                         0x30 (size before relaxing)

.gcc_except_table
 *(.gcc_except_table .gcc_except_table.*)

.gnu_extab
 *(.gnu_extab*)

.exception_ranges
 *(.exception_ranges .exception_ranges*)

.eh_frame
 *(.eh_frame)

.gnu_extab
 *(.gnu_extab)

.gcc_except_table
 *(.gcc_except_table .gcc_except_table.*)

.exception_ranges
 *(.exception_ranges .exception_ranges*)

.tdata
 *(.tdata)

.tbss
 *(.tbss)

.jcr
 *(.jcr)

.dynamic
 *(.dynamic)

.got
 *(.got)
 *(.igot)

.got.plt
 *(.got.plt)
 *(.igot.plt)

.data           0x0000000000000000      0xf98
 *(.data)
 .data          0x0000000000000000      0xf98 /home/ror/Umair/Learnify-ror-/glibc-2.28/build/elf/dl-allobjs.os
                0x0000000000000000                _rtld_global
                0x0000000000000000                _rtld_local
 .data          0x0000000000000f98        0x0 /home/ror/Umair/Learnify-ror-/glibc-2.28/build/elf/rtld-libc.a(rtld-check_fds.os)
 .data          0x0000000000000f98        0x0 /home/ror/Umair/Learnify-ror-/glibc-2.28/build/elf/rtld-libc.a(rtld-errno.os)
 .data          0x0000000000000f98        0x0 /home/ror/Umair/Learnify-ror-/glibc-2.28/build/elf/rtld-libc.a(rtld-closedir.os)
 .data          0x0000000000000f98        0x0 /home/ror/Umair/Learnify-ror-/glibc-2.28/build/elf/rtld-libc.a(rtld-rewinddir.os)
 .data          0x0000000000000f98        0x0 /home/ror/Umair/Learnify-ror-/glibc-2.28/build/elf/rtld-libc.a(rtld-readdir64.os)
 .data          0x0000000000000f98        0x0 /home/ror/Umair/Learnify-ror-/glibc-2.28/build/elf/rtld-libc.a(rtld-fdopendir.os)
 .data          0x0000000000000f98        0x0 /home/ror/Umair/Learnify-ror-/glibc-2.28/build/elf/rtld-libc.a(rtld-getdents64.os)
 .data          0x0000000000000f98        0x0 /home/ror/Umair/Learnify-ror-/glibc-2.28/build/elf/rtld-libc.a(rtld-dl-addr-obj.os)
 .data          0x0000000000000f98        0x0 /home/ror/Umair/Learnify-ror-/glibc-2.28/build/elf/rtld-libc.a(rtld-profil.os)
 .data          0x0000000000000f98        0x0 /home/ror/Umair/Learnify-ror-/glibc-2.28/build/elf/rtld-libc.a(rtld-prof-freq.os)
 .data          0x0000000000000f98        0x0 /home/ror/Umair/Learnify-ror-/glibc-2.28/build/elf/rtld-libc.a(rtld-xstat.os)
 .data          0x0000000000000f98        0x0 /home/ror/Umair/Learnify-ror-/glibc-2.28/build/elf/rtld-libc.a(rtld-fxstat.os)
 .data          0x0000000000000f98        0x0 /home/ror/Umair/Learnify-ror-/glibc-2.28/build/elf/rtld-libc.a(rtld-lxstat.os)
 .data          0x0000000000000f98        0x0 /home/ror/Umair/Learnify-ror-/glibc-2.28/build/elf/rtld-libc.a(rtld-lseek64.os)
 .data          0x0000000000000f98        0x0 /home/ror/Umair/Learnify-ror-/glibc-2.28/build/elf/rtld-libc.a(rtld-access.os)
 .data          0x0000000000000f98        0x0 /home/ror/Umair/Learnify-ror-/glibc-2.28/build/elf/rtld-libc.a(rtld-close_nocancel.os)
 .data          0x0000000000000f98        0x0 /home/ror/Umair/Learnify-ror-/glibc-2.28/build/elf/rtld-libc.a(rtld-fcntl_nocancel.os)
 .data          0x0000000000000f98        0x0 /home/ror/Umair/Learnify-ror-/glibc-2.28/build/elf/rtld-libc.a(rtld-open64_nocancel.os)
 .data          0x0000000000000f98        0x0 /home/ror/Umair/Learnify-ror-/glibc-2.28/build/elf/rtld-libc.a(rtld-openat64_nocancel.os)
 .data          0x0000000000000f98        0x0 /home/ror/Umair/Learnify-ror-/glibc-2.28/build/elf/rtld-libc.a(rtld-read_nocancel.os)
 .data          0x0000000000000f98        0x0 /home/ror/Umair/Learnify-ror-/glibc-2.28/build/elf/rtld-libc.a(rtld-write_nocancel.os)
 .data          0x0000000000000f98        0x0 /home/ror/Umair/Learnify-ror-/glibc-2.28/build/elf/rtld-libc.a(rtld-scratch_buffer_set_array_size.os)
 .data          0x0000000000000f98        0x0 /home/ror/Umair/Learnify-ror-/glibc-2.28/build/elf/rtld-libc.a(rtld-mmap64.os)
 .data          0x0000000000000f98        0x0 /home/ror/Umair/Learnify-ror-/glibc-2.28/build/elf/rtld-libc.a(rtld-munmap.os)
 .data          0x0000000000000f98        0x0 /home/ror/Umair/Learnify-ror-/glibc-2.28/build/elf/rtld-libc.a(rtld-mprotect.os)
 .data          0x0000000000000f98        0x0 /home/ror/Umair/Learnify-ror-/glibc-2.28/build/elf/rtld-libc.a(rtld-uname.os)
 .data          0x0000000000000f98        0x0 /home/ror/Umair/Learnify-ror-/glibc-2.28/build/elf/rtld-libc.a(rtld-_exit.os)
 .data          0x0000000000000f98        0x0 /home/ror/Umair/Learnify-ror-/glibc-2.28/build/elf/rtld-libc.a(rtld-getpid.os)
 .data          0x0000000000000f98        0x0 /home/ror/Umair/Learnify-ror-/glibc-2.28/build/elf/rtld-libc.a(rtld-environ.os)
 .data          0x0000000000000f98        0x0 /home/ror/Umair/Learnify-ror-/glibc-2.28/build/elf/rtld-libc.a(rtld-setjmp.os)
 .data          0x0000000000000f98        0x0 /home/ror/Umair/Learnify-ror-/glibc-2.28/build/elf/rtld-libc.a(rtld-__longjmp.os)
 .data          0x0000000000000f98        0x0 /home/ror/Umair/Learnify-ror-/glibc-2.28/build/elf/rtld-libc.a(rtld-sigaction.os)
 .data          0x0000000000000f98        0x0 /home/ror/Umair/Learnify-ror-/glibc-2.28/build/elf/rtld-libc.a(rtld-strdup.os)
 .data          0x0000000000000f98        0x0 /home/ror/Umair/Learnify-ror-/glibc-2.28/build/elf/rtld-libc.a(rtld-strcmp-sse2.os)
 .data          0x0000000000000f98        0x0 /home/ror/Umair/Learnify-ror-/glibc-2.28/build/elf/rtld-libc.a(rtld-strncmp-sse2.os)
 .data          0x0000000000000f98        0x0 /home/ror/Umair/Learnify-ror-/glibc-2.28/build/elf/rtld-libc.a(rtld-memchr-sse2.os)
 .data          0x0000000000000f98        0x0 /home/ror/Umair/Learnify-ror-/glibc-2.28/build/elf/rtld-libc.a(rtld-rawmemchr-sse2.os)
 .data          0x0000000000000f98        0x0 /home/ror/Umair/Learnify-ror-/glibc-2.28/build/elf/rtld-libc.a(rtld-memcmp-sse2.os)
 .data          0x0000000000000f98        0x0 /home/ror/Umair/Learnify-ror-/glibc-2.28/build/elf/rtld-libc.a(rtld-strchr-sse2.os)
 .data          0x0000000000000f98        0x0 /home/ror/Umair/Learnify-ror-/glibc-2.28/build/elf/rtld-libc.a(rtld-strlen-sse2.os)
 .data          0x0000000000000f98        0x0 /home/ror/Umair/Learnify-ror-/glibc-2.28/build/elf/rtld-libc.a(rtld-strnlen-sse2.os)
 .data          0x0000000000000f98        0x0 /home/ror/Umair/Learnify-ror-/glibc-2.28/build/elf/rtld-libc.a(rtld-stpcpy-sse2.os)
 .data          0x0000000000000f98        0x0 /home/ror/Umair/Learnify-ror-/glibc-2.28/build/elf/rtld-libc.a(rtld-strcspn-sse2.os)
 .data          0x0000000000000f98        0x0 /home/ror/Umair/Learnify-ror-/glibc-2.28/build/elf/rtld-libc.a(rtld-memmove-sse2-unaligned-erms.os)
 .data          0x0000000000000f98        0x0 /home/ror/Umair/Learnify-ror-/glibc-2.28/build/elf/rtld-libc.a(rtld-memset-sse2-unaligned-erms.os)
 .data          0x0000000000000f98        0x0 /home/ror/Umair/Learnify-ror-/glibc-2.28/build/elf/rtld-libc.a(rtld-setitimer.os)

.data.rel.ro    0x0000000000000000      0x834
 .data.rel.ro   0x0000000000000000      0x834 /home/ror/Umair/Learnify-ror-/glibc-2.28/build/elf/dl-allobjs.os
                0x00000000000000b0                __pointer_chk_guard_local
                0x00000000000000b8                _dl_skip_args
                0x00000000000000c0                __GI__dl_argv
                0x00000000000000c0                _dl_argv
                0x00000000000000c8                _dl_argc
                0x00000000000000e0                _rtld_global_ro
                0x00000000000000e0                _rtld_local_ro
                0x00000000000002d0                __stack_prot
                0x0000000000000820                _dl_random
                0x0000000000000828                __libc_stack_end
                0x0000000000000828                __GI___libc_stack_end
                0x0000000000000830                __GI___libc_enable_secure
                0x0000000000000830                __libc_enable_secure

.data1
 *(.data1)

.bss            0x0000000000000000      0x140
 *(.bss)
 .bss           0x0000000000000000      0x118 /home/ror/Umair/Learnify-ror-/glibc-2.28/build/elf/dl-allobjs.os
                0x00000000000000e0                __libc_multiple_libcs
                0x0000000000000110                __curbrk
 .bss           0x0000000000000118        0x0 /home/ror/Umair/Learnify-ror-/glibc-2.28/build/elf/rtld-libc.a(rtld-check_fds.os)
 .bss           0x0000000000000118        0x0 /home/ror/Umair/Learnify-ror-/glibc-2.28/build/elf/rtld-libc.a(rtld-errno.os)
 .bss           0x0000000000000118        0x0 /home/ror/Umair/Learnify-ror-/glibc-2.28/build/elf/rtld-libc.a(rtld-closedir.os)
 .bss           0x0000000000000118        0x0 /home/ror/Umair/Learnify-ror-/glibc-2.28/build/elf/rtld-libc.a(rtld-rewinddir.os)
 .bss           0x0000000000000118        0x0 /home/ror/Umair/Learnify-ror-/glibc-2.28/build/elf/rtld-libc.a(rtld-readdir64.os)
 .bss           0x0000000000000118        0x0 /home/ror/Umair/Learnify-ror-/glibc-2.28/build/elf/rtld-libc.a(rtld-fdopendir.os)
 .bss           0x0000000000000118        0x0 /home/ror/Umair/Learnify-ror-/glibc-2.28/build/elf/rtld-libc.a(rtld-getdents64.os)
 .bss           0x0000000000000118        0x0 /home/ror/Umair/Learnify-ror-/glibc-2.28/build/elf/rtld-libc.a(rtld-dl-addr-obj.os)
 .bss           0x0000000000000118       0x20 /home/ror/Umair/Learnify-ror-/glibc-2.28/build/elf/rtld-libc.a(rtld-profil.os)
 .bss           0x0000000000000138        0x0 /home/ror/Umair/Learnify-ror-/glibc-2.28/build/elf/rtld-libc.a(rtld-prof-freq.os)
 .bss           0x0000000000000138        0x0 /home/ror/Umair/Learnify-ror-/glibc-2.28/build/elf/rtld-libc.a(rtld-xstat.os)
 .bss           0x0000000000000138        0x0 /home/ror/Umair/Learnify-ror-/glibc-2.28/build/elf/rtld-libc.a(rtld-fxstat.os)
 .bss           0x0000000000000138        0x0 /home/ror/Umair/Learnify-ror-/glibc-2.28/build/elf/rtld-libc.a(rtld-lxstat.os)
 .bss           0x0000000000000138        0x0 /home/ror/Umair/Learnify-ror-/glibc-2.28/build/elf/rtld-libc.a(rtld-lseek64.os)
 .bss           0x0000000000000138        0x0 /home/ror/Umair/Learnify-ror-/glibc-2.28/build/elf/rtld-libc.a(rtld-access.os)
 .bss           0x0000000000000138        0x0 /home/ror/Umair/Learnify-ror-/glibc-2.28/build/elf/rtld-libc.a(rtld-close_nocancel.os)
 .bss           0x0000000000000138        0x0 /home/ror/Umair/Learnify-ror-/glibc-2.28/build/elf/rtld-libc.a(rtld-fcntl_nocancel.os)
 .bss           0x0000000000000138        0x0 /home/ror/Umair/Learnify-ror-/glibc-2.28/build/elf/rtld-libc.a(rtld-open64_nocancel.os)
 .bss           0x0000000000000138        0x0 /home/ror/Umair/Learnify-ror-/glibc-2.28/build/elf/rtld-libc.a(rtld-openat64_nocancel.os)
 .bss           0x0000000000000138        0x0 /home/ror/Umair/Learnify-ror-/glibc-2.28/build/elf/rtld-libc.a(rtld-read_nocancel.os)
 .bss           0x0000000000000138        0x0 /home/ror/Umair/Learnify-ror-/glibc-2.28/build/elf/rtld-libc.a(rtld-write_nocancel.os)
 .bss           0x0000000000000138        0x0 /home/ror/Umair/Learnify-ror-/glibc-2.28/build/elf/rtld-libc.a(rtld-scratch_buffer_set_array_size.os)
 .bss           0x0000000000000138        0x0 /home/ror/Umair/Learnify-ror-/glibc-2.28/build/elf/rtld-libc.a(rtld-mmap64.os)
 .bss           0x0000000000000138        0x0 /home/ror/Umair/Learnify-ror-/glibc-2.28/build/elf/rtld-libc.a(rtld-munmap.os)
 .bss           0x0000000000000138        0x0 /home/ror/Umair/Learnify-ror-/glibc-2.28/build/elf/rtld-libc.a(rtld-mprotect.os)
 .bss           0x0000000000000138        0x0 /home/ror/Umair/Learnify-ror-/glibc-2.28/build/elf/rtld-libc.a(rtld-uname.os)
 .bss           0x0000000000000138        0x0 /home/ror/Umair/Learnify-ror-/glibc-2.28/build/elf/rtld-libc.a(rtld-_exit.os)
 .bss           0x0000000000000138        0x0 /home/ror/Umair/Learnify-ror-/glibc-2.28/build/elf/rtld-libc.a(rtld-getpid.os)
 .bss           0x0000000000000138        0x8 /home/ror/Umair/Learnify-ror-/glibc-2.28/build/elf/rtld-libc.a(rtld-environ.os)
                0x0000000000000138                _environ
                0x0000000000000138                __environ
                0x0000000000000138                environ
 .bss           0x0000000000000140        0x0 /home/ror/Umair/Learnify-ror-/glibc-2.28/build/elf/rtld-libc.a(rtld-setjmp.os)
 .bss           0x0000000000000140        0x0 /home/ror/Umair/Learnify-ror-/glibc-2.28/build/elf/rtld-libc.a(rtld-__longjmp.os)
 .bss           0x0000000000000140        0x0 /home/ror/Umair/Learnify-ror-/glibc-2.28/build/elf/rtld-libc.a(rtld-sigaction.os)
 .bss           0x0000000000000140        0x0 /home/ror/Umair/Learnify-ror-/glibc-2.28/build/elf/rtld-libc.a(rtld-strdup.os)
 .bss           0x0000000000000140        0x0 /home/ror/Umair/Learnify-ror-/glibc-2.28/build/elf/rtld-libc.a(rtld-strcmp-sse2.os)
 .bss           0x0000000000000140        0x0 /home/ror/Umair/Learnify-ror-/glibc-2.28/build/elf/rtld-libc.a(rtld-strncmp-sse2.os)
 .bss           0x0000000000000140        0x0 /home/ror/Umair/Learnify-ror-/glibc-2.28/build/elf/rtld-libc.a(rtld-memchr-sse2.os)
 .bss           0x0000000000000140        0x0 /home/ror/Umair/Learnify-ror-/glibc-2.28/build/elf/rtld-libc.a(rtld-rawmemchr-sse2.os)
 .bss           0x0000000000000140        0x0 /home/ror/Umair/Learnify-ror-/glibc-2.28/build/elf/rtld-libc.a(rtld-memcmp-sse2.os)
 .bss           0x0000000000000140        0x0 /home/ror/Umair/Learnify-ror-/glibc-2.28/build/elf/rtld-libc.a(rtld-strchr-sse2.os)
 .bss           0x0000000000000140        0x0 /home/ror/Umair/Learnify-ror-/glibc-2.28/build/elf/rtld-libc.a(rtld-strlen-sse2.os)
 .bss           0x0000000000000140        0x0 /home/ror/Umair/Learnify-ror-/glibc-2.28/build/elf/rtld-libc.a(rtld-strnlen-sse2.os)
 .bss           0x0000000000000140        0x0 /home/ror/Umair/Learnify-ror-/glibc-2.28/build/elf/rtld-libc.a(rtld-stpcpy-sse2.os)
 .bss           0x0000000000000140        0x0 /home/ror/Umair/Learnify-ror-/glibc-2.28/build/elf/rtld-libc.a(rtld-strcspn-sse2.os)
 .bss           0x0000000000000140        0x0 /home/ror/Umair/Learnify-ror-/glibc-2.28/build/elf/rtld-libc.a(rtld-memmove-sse2-unaligned-erms.os)
 .bss           0x0000000000000140        0x0 /home/ror/Umair/Learnify-ror-/glibc-2.28/build/elf/rtld-libc.a(rtld-memset-sse2-unaligned-erms.os)
 .bss           0x0000000000000140        0x0 /home/ror/Umair/Learnify-ror-/glibc-2.28/build/elf/rtld-libc.a(rtld-setitimer.os)
 *(COMMON)
 COMMON         0x0000000000000140        0x0 /home/ror/Umair/Learnify-ror-/glibc-2.28/build/elf/dl-allobjs.os
 COMMON         0x0000000000000140        0x0 /home/ror/Umair/Learnify-ror-/glibc-2.28/build/elf/rtld-libc.a(rtld-errno.os)

.lbss
 *(.dynlbss)
 *(.lbss)
 *(LARGE_COMMON)

.lrodata
 *(.lrodata)

.ldata
 *(.ldata)

.stab
 *(.stab)

.stabstr
 *(.stabstr)

.stab.excl
 *(.stab.excl)

.stab.exclstr
 *(.stab.exclstr)

.stab.index
 *(.stab.index)

.stab.indexstr
 *(.stab.indexstr)

.comment        0x0000000000000000      0xa80
 *(.comment)
 .comment       0x0000000000000000      0x612 /home/ror/Umair/Learnify-ror-/glibc-2.28/build/elf/dl-allobjs.os
 .comment       0x0000000000000612       0x2a /home/ror/Umair/Learnify-ror-/glibc-2.28/build/elf/rtld-libc.a(rtld-check_fds.os)
 .comment       0x000000000000063c       0x2a /home/ror/Umair/Learnify-ror-/glibc-2.28/build/elf/rtld-libc.a(rtld-errno.os)
 .comment       0x0000000000000666       0x2a /home/ror/Umair/Learnify-ror-/glibc-2.28/build/elf/rtld-libc.a(rtld-closedir.os)
 .comment       0x0000000000000690       0x2a /home/ror/Umair/Learnify-ror-/glibc-2.28/build/elf/rtld-libc.a(rtld-rewinddir.os)
 .comment       0x00000000000006ba       0x2a /home/ror/Umair/Learnify-ror-/glibc-2.28/build/elf/rtld-libc.a(rtld-readdir64.os)
 .comment       0x00000000000006e4       0x2a /home/ror/Umair/Learnify-ror-/glibc-2.28/build/elf/rtld-libc.a(rtld-fdopendir.os)
 .comment       0x000000000000070e       0x2a /home/ror/Umair/Learnify-ror-/glibc-2.28/build/elf/rtld-libc.a(rtld-getdents64.os)
 .comment       0x0000000000000738       0x2a /home/ror/Umair/Learnify-ror-/glibc-2.28/build/elf/rtld-libc.a(rtld-dl-addr-obj.os)
 .comment       0x0000000000000762       0x2a /home/ror/Umair/Learnify-ror-/glibc-2.28/build/elf/rtld-libc.a(rtld-profil.os)
 .comment       0x000000000000078c       0x2a /home/ror/Umair/Learnify-ror-/glibc-2.28/build/elf/rtld-libc.a(rtld-prof-freq.os)
 .comment       0x00000000000007b6       0x2a /home/ror/Umair/Learnify-ror-/glibc-2.28/build/elf/rtld-libc.a(rtld-xstat.os)
 .comment       0x00000000000007e0       0x2a /home/ror/Umair/Learnify-ror-/glibc-2.28/build/elf/rtld-libc.a(rtld-fxstat.os)
 .comment       0x000000000000080a       0x2a /home/ror/Umair/Learnify-ror-/glibc-2.28/build/elf/rtld-libc.a(rtld-lxstat.os)
 .comment       0x0000000000000834       0x2a /home/ror/Umair/Learnify-ror-/glibc-2.28/build/elf/rtld-libc.a(rtld-lseek64.os)
 .comment       0x000000000000085e       0x2a /home/ror/Umair/Learnify-ror-/glibc-2.28/build/elf/rtld-libc.a(rtld-access.os)
 .comment       0x0000000000000888       0x2a /home/ror/Umair/Learnify-ror-/glibc-2.28/build/elf/rtld-libc.a(rtld-close_nocancel.os)
 .comment       0x00000000000008b2       0x2a /home/ror/Umair/Learnify-ror-/glibc-2.28/build/elf/rtld-libc.a(rtld-fcntl_nocancel.os)
 .comment       0x00000000000008dc       0x2a /home/ror/Umair/Learnify-ror-/glibc-2.28/build/elf/rtld-libc.a(rtld-open64_nocancel.os)
 .comment       0x0000000000000906       0x2a /home/ror/Umair/Learnify-ror-/glibc-2.28/build/elf/rtld-libc.a(rtld-openat64_nocancel.os)
 .comment       0x0000000000000930       0x2a /home/ror/Umair/Learnify-ror-/glibc-2.28/build/elf/rtld-libc.a(rtld-read_nocancel.os)
 .comment       0x000000000000095a       0x2a /home/ror/Umair/Learnify-ror-/glibc-2.28/build/elf/rtld-libc.a(rtld-write_nocancel.os)
 .comment       0x0000000000000984       0x2a /home/ror/Umair/Learnify-ror-/glibc-2.28/build/elf/rtld-libc.a(rtld-scratch_buffer_set_array_size.os)
 .comment       0x00000000000009ae       0x2a /home/ror/Umair/Learnify-ror-/glibc-2.28/build/elf/rtld-libc.a(rtld-mmap64.os)
 .comment       0x00000000000009d8       0x2a /home/ror/Umair/Learnify-ror-/glibc-2.28/build/elf/rtld-libc.a(rtld-_exit.os)
 .comment       0x0000000000000a02       0x2a /home/ror/Umair/Learnify-ror-/glibc-2.28/build/elf/rtld-libc.a(rtld-environ.os)
 .comment       0x0000000000000a2c       0x2a /home/ror/Umair/Learnify-ror-/glibc-2.28/build/elf/rtld-libc.a(rtld-sigaction.os)
 .comment       0x0000000000000a56       0x2a /home/ror/Umair/Learnify-ror-/glibc-2.28/build/elf/rtld-libc.a(rtld-strdup.os)

.note.GNU-stack
                0x0000000000000000        0x0
 .note.GNU-stack
                0x0000000000000000        0x0 /home/ror/Umair/Learnify-ror-/glibc-2.28/build/elf/dl-allobjs.os
 .note.GNU-stack
                0x0000000000000000        0x0 /home/ror/Umair/Learnify-ror-/glibc-2.28/build/elf/rtld-libc.a(rtld-check_fds.os)
 .note.GNU-stack
                0x0000000000000000        0x0 /home/ror/Umair/Learnify-ror-/glibc-2.28/build/elf/rtld-libc.a(rtld-errno.os)
 .note.GNU-stack
                0x0000000000000000        0x0 /home/ror/Umair/Learnify-ror-/glibc-2.28/build/elf/rtld-libc.a(rtld-closedir.os)
 .note.GNU-stack
                0x0000000000000000        0x0 /home/ror/Umair/Learnify-ror-/glibc-2.28/build/elf/rtld-libc.a(rtld-rewinddir.os)
 .note.GNU-stack
                0x0000000000000000        0x0 /home/ror/Umair/Learnify-ror-/glibc-2.28/build/elf/rtld-libc.a(rtld-readdir64.os)
 .note.GNU-stack
                0x0000000000000000        0x0 /home/ror/Umair/Learnify-ror-/glibc-2.28/build/elf/rtld-libc.a(rtld-fdopendir.os)
 .note.GNU-stack
                0x0000000000000000        0x0 /home/ror/Umair/Learnify-ror-/glibc-2.28/build/elf/rtld-libc.a(rtld-getdents64.os)
 .note.GNU-stack
                0x0000000000000000        0x0 /home/ror/Umair/Learnify-ror-/glibc-2.28/build/elf/rtld-libc.a(rtld-dl-addr-obj.os)
 .note.GNU-stack
                0x0000000000000000        0x0 /home/ror/Umair/Learnify-ror-/glibc-2.28/build/elf/rtld-libc.a(rtld-profil.os)
 .note.GNU-stack
                0x0000000000000000        0x0 /home/ror/Umair/Learnify-ror-/glibc-2.28/build/elf/rtld-libc.a(rtld-prof-freq.os)
 .note.GNU-stack
                0x0000000000000000        0x0 /home/ror/Umair/Learnify-ror-/glibc-2.28/build/elf/rtld-libc.a(rtld-xstat.os)
 .note.GNU-stack
                0x0000000000000000        0x0 /home/ror/Umair/Learnify-ror-/glibc-2.28/build/elf/rtld-libc.a(rtld-fxstat.os)
 .note.GNU-stack
                0x0000000000000000        0x0 /home/ror/Umair/Learnify-ror-/glibc-2.28/build/elf/rtld-libc.a(rtld-lxstat.os)
 .note.GNU-stack
                0x0000000000000000        0x0 /home/ror/Umair/Learnify-ror-/glibc-2.28/build/elf/rtld-libc.a(rtld-lseek64.os)
 .note.GNU-stack
                0x0000000000000000        0x0 /home/ror/Umair/Learnify-ror-/glibc-2.28/build/elf/rtld-libc.a(rtld-access.os)
 .note.GNU-stack
                0x0000000000000000        0x0 /home/ror/Umair/Learnify-ror-/glibc-2.28/build/elf/rtld-libc.a(rtld-close_nocancel.os)
 .note.GNU-stack
                0x0000000000000000        0x0 /home/ror/Umair/Learnify-ror-/glibc-2.28/build/elf/rtld-libc.a(rtld-fcntl_nocancel.os)
 .note.GNU-stack
                0x0000000000000000        0x0 /home/ror/Umair/Learnify-ror-/glibc-2.28/build/elf/rtld-libc.a(rtld-open64_nocancel.os)
 .note.GNU-stack
                0x0000000000000000        0x0 /home/ror/Umair/Learnify-ror-/glibc-2.28/build/elf/rtld-libc.a(rtld-openat64_nocancel.os)
 .note.GNU-stack
                0x0000000000000000        0x0 /home/ror/Umair/Learnify-ror-/glibc-2.28/build/elf/rtld-libc.a(rtld-read_nocancel.os)
 .note.GNU-stack
                0x0000000000000000        0x0 /home/ror/Umair/Learnify-ror-/glibc-2.28/build/elf/rtld-libc.a(rtld-write_nocancel.os)
 .note.GNU-stack
                0x0000000000000000        0x0 /home/ror/Umair/Learnify-ror-/glibc-2.28/build/elf/rtld-libc.a(rtld-scratch_buffer_set_array_size.os)
 .note.GNU-stack
                0x0000000000000000        0x0 /home/ror/Umair/Learnify-ror-/glibc-2.28/build/elf/rtld-libc.a(rtld-mmap64.os)
 .note.GNU-stack
                0x0000000000000000        0x0 /home/ror/Umair/Learnify-ror-/glibc-2.28/build/elf/rtld-libc.a(rtld-munmap.os)
 .note.GNU-stack
                0x0000000000000000        0x0 /home/ror/Umair/Learnify-ror-/glibc-2.28/build/elf/rtld-libc.a(rtld-mprotect.os)
 .note.GNU-stack
                0x0000000000000000        0x0 /home/ror/Umair/Learnify-ror-/glibc-2.28/build/elf/rtld-libc.a(rtld-uname.os)
 .note.GNU-stack
                0x0000000000000000        0x0 /home/ror/Umair/Learnify-ror-/glibc-2.28/build/elf/rtld-libc.a(rtld-_exit.os)
 .note.GNU-stack
                0x0000000000000000        0x0 /home/ror/Umair/Learnify-ror-/glibc-2.28/build/elf/rtld-libc.a(rtld-getpid.os)
 .note.GNU-stack
                0x0000000000000000        0x0 /home/ror/Umair/Learnify-ror-/glibc-2.28/build/elf/rtld-libc.a(rtld-environ.os)
 .note.GNU-stack
                0x0000000000000000        0x0 /home/ror/Umair/Learnify-ror-/glibc-2.28/build/elf/rtld-libc.a(rtld-setjmp.os)
 .note.GNU-stack
                0x0000000000000000        0x0 /home/ror/Umair/Learnify-ror-/glibc-2.28/build/elf/rtld-libc.a(rtld-__longjmp.os)
 .note.GNU-stack
                0x0000000000000000        0x0 /home/ror/Umair/Learnify-ror-/glibc-2.28/build/elf/rtld-libc.a(rtld-sigaction.os)
 .note.GNU-stack
                0x0000000000000000        0x0 /home/ror/Umair/Learnify-ror-/glibc-2.28/build/elf/rtld-libc.a(rtld-strdup.os)
 .note.GNU-stack
                0x0000000000000000        0x0 /home/ror/Umair/Learnify-ror-/glibc-2.28/build/elf/rtld-libc.a(rtld-strcmp-sse2.os)
 .note.GNU-stack
                0x0000000000000000        0x0 /home/ror/Umair/Learnify-ror-/glibc-2.28/build/elf/rtld-libc.a(rtld-strncmp-sse2.os)
 .note.GNU-stack
                0x0000000000000000        0x0 /home/ror/Umair/Learnify-ror-/glibc-2.28/build/elf/rtld-libc.a(rtld-memchr-sse2.os)
 .note.GNU-stack
                0x0000000000000000        0x0 /home/ror/Umair/Learnify-ror-/glibc-2.28/build/elf/rtld-libc.a(rtld-rawmemchr-sse2.os)
 .note.GNU-stack
                0x0000000000000000        0x0 /home/ror/Umair/Learnify-ror-/glibc-2.28/build/elf/rtld-libc.a(rtld-memcmp-sse2.os)
 .note.GNU-stack
                0x0000000000000000        0x0 /home/ror/Umair/Learnify-ror-/glibc-2.28/build/elf/rtld-libc.a(rtld-strchr-sse2.os)
 .note.GNU-stack
                0x0000000000000000        0x0 /home/ror/Umair/Learnify-ror-/glibc-2.28/build/elf/rtld-libc.a(rtld-strlen-sse2.os)
 .note.GNU-stack
                0x0000000000000000        0x0 /home/ror/Umair/Learnify-ror-/glibc-2.28/build/elf/rtld-libc.a(rtld-strnlen-sse2.os)
 .note.GNU-stack
                0x0000000000000000        0x0 /home/ror/Umair/Learnify-ror-/glibc-2.28/build/elf/rtld-libc.a(rtld-stpcpy-sse2.os)
 .note.GNU-stack
                0x0000000000000000        0x0 /home/ror/Umair/Learnify-ror-/glibc-2.28/build/elf/rtld-libc.a(rtld-strcspn-sse2.os)
 .note.GNU-stack
                0x0000000000000000        0x0 /home/ror/Umair/Learnify-ror-/glibc-2.28/build/elf/rtld-libc.a(rtld-memmove-sse2-unaligned-erms.os)
 .note.GNU-stack
                0x0000000000000000        0x0 /home/ror/Umair/Learnify-ror-/glibc-2.28/build/elf/rtld-libc.a(rtld-memset-sse2-unaligned-erms.os)
 .note.GNU-stack
                0x0000000000000000        0x0 /home/ror/Umair/Learnify-ror-/glibc-2.28/build/elf/rtld-libc.a(rtld-setitimer.os)

.debug
 *(.debug)

.line
 *(.line)

.debug_srcinfo
 *(.debug_srcinfo)

.debug_sfnames
 *(.debug_sfnames)

.debug_aranges  0x0000000000000000     0x1020
 *(.debug_aranges)
 .debug_aranges
                0x0000000000000000      0x7a0 /home/ror/Umair/Learnify-ror-/glibc-2.28/build/elf/dl-allobjs.os
 .debug_aranges
                0x00000000000007a0       0x30 /home/ror/Umair/Learnify-ror-/glibc-2.28/build/elf/rtld-libc.a(rtld-check_fds.os)
 .debug_aranges
                0x00000000000007d0       0x20 /home/ror/Umair/Learnify-ror-/glibc-2.28/build/elf/rtld-libc.a(rtld-errno.os)
 .debug_aranges
                0x00000000000007f0       0x30 /home/ror/Umair/Learnify-ror-/glibc-2.28/build/elf/rtld-libc.a(rtld-closedir.os)
 .debug_aranges
                0x0000000000000820       0x30 /home/ror/Umair/Learnify-ror-/glibc-2.28/build/elf/rtld-libc.a(rtld-rewinddir.os)
 .debug_aranges
                0x0000000000000850       0x30 /home/ror/Umair/Learnify-ror-/glibc-2.28/build/elf/rtld-libc.a(rtld-readdir64.os)
 .debug_aranges
                0x0000000000000880       0x30 /home/ror/Umair/Learnify-ror-/glibc-2.28/build/elf/rtld-libc.a(rtld-fdopendir.os)
 .debug_aranges
                0x00000000000008b0       0x30 /home/ror/Umair/Learnify-ror-/glibc-2.28/build/elf/rtld-libc.a(rtld-getdents64.os)
 .debug_aranges
                0x00000000000008e0       0x30 /home/ror/Umair/Learnify-ror-/glibc-2.28/build/elf/rtld-libc.a(rtld-dl-addr-obj.os)
 .debug_aranges
                0x0000000000000910       0x30 /home/ror/Umair/Learnify-ror-/glibc-2.28/build/elf/rtld-libc.a(rtld-profil.os)
 .debug_aranges
                0x0000000000000940       0x30 /home/ror/Umair/Learnify-ror-/glibc-2.28/build/elf/rtld-libc.a(rtld-prof-freq.os)
 .debug_aranges
                0x0000000000000970       0x30 /home/ror/Umair/Learnify-ror-/glibc-2.28/build/elf/rtld-libc.a(rtld-xstat.os)
 .debug_aranges
                0x00000000000009a0       0x30 /home/ror/Umair/Learnify-ror-/glibc-2.28/build/elf/rtld-libc.a(rtld-fxstat.os)
 .debug_aranges
                0x00000000000009d0       0x30 /home/ror/Umair/Learnify-ror-/glibc-2.28/build/elf/rtld-libc.a(rtld-lxstat.os)
 .debug_aranges
                0x0000000000000a00       0x30 /home/ror/Umair/Learnify-ror-/glibc-2.28/build/elf/rtld-libc.a(rtld-lseek64.os)
 .debug_aranges
                0x0000000000000a30       0x30 /home/ror/Umair/Learnify-ror-/glibc-2.28/build/elf/rtld-libc.a(rtld-access.os)
 .debug_aranges
                0x0000000000000a60       0x30 /home/ror/Umair/Learnify-ror-/glibc-2.28/build/elf/rtld-libc.a(rtld-close_nocancel.os)
 .debug_aranges
                0x0000000000000a90       0x30 /home/ror/Umair/Learnify-ror-/glibc-2.28/build/elf/rtld-libc.a(rtld-fcntl_nocancel.os)
 .debug_aranges
                0x0000000000000ac0       0x30 /home/ror/Umair/Learnify-ror-/glibc-2.28/build/elf/rtld-libc.a(rtld-open64_nocancel.os)
 .debug_aranges
                0x0000000000000af0       0x30 /home/ror/Umair/Learnify-ror-/glibc-2.28/build/elf/rtld-libc.a(rtld-openat64_nocancel.os)
 .debug_aranges
                0x0000000000000b20       0x30 /home/ror/Umair/Learnify-ror-/glibc-2.28/build/elf/rtld-libc.a(rtld-read_nocancel.os)
 .debug_aranges
                0x0000000000000b50       0x30 /home/ror/Umair/Learnify-ror-/glibc-2.28/build/elf/rtld-libc.a(rtld-write_nocancel.os)
 .debug_aranges
                0x0000000000000b80       0x30 /home/ror/Umair/Learnify-ror-/glibc-2.28/build/elf/rtld-libc.a(rtld-scratch_buffer_set_array_size.os)
 .debug_aranges
                0x0000000000000bb0       0x30 /home/ror/Umair/Learnify-ror-/glibc-2.28/build/elf/rtld-libc.a(rtld-mmap64.os)
 .debug_aranges
                0x0000000000000be0       0x30 /home/ror/Umair/Learnify-ror-/glibc-2.28/build/elf/rtld-libc.a(rtld-munmap.os)
 .debug_aranges
                0x0000000000000c10       0x30 /home/ror/Umair/Learnify-ror-/glibc-2.28/build/elf/rtld-libc.a(rtld-mprotect.os)
 .debug_aranges
                0x0000000000000c40       0x30 /home/ror/Umair/Learnify-ror-/glibc-2.28/build/elf/rtld-libc.a(rtld-uname.os)
 .debug_aranges
                0x0000000000000c70       0x30 /home/ror/Umair/Learnify-ror-/glibc-2.28/build/elf/rtld-libc.a(rtld-_exit.os)
 .debug_aranges
                0x0000000000000ca0       0x30 /home/ror/Umair/Learnify-ror-/glibc-2.28/build/elf/rtld-libc.a(rtld-getpid.os)
 .debug_aranges
                0x0000000000000cd0       0x20 /home/ror/Umair/Learnify-ror-/glibc-2.28/build/elf/rtld-libc.a(rtld-environ.os)
 .debug_aranges
                0x0000000000000cf0       0x30 /home/ror/Umair/Learnify-ror-/glibc-2.28/build/elf/rtld-libc.a(rtld-setjmp.os)
 .debug_aranges
                0x0000000000000d20       0x30 /home/ror/Umair/Learnify-ror-/glibc-2.28/build/elf/rtld-libc.a(rtld-__longjmp.os)
 .debug_aranges
                0x0000000000000d50       0x30 /home/ror/Umair/Learnify-ror-/glibc-2.28/build/elf/rtld-libc.a(rtld-sigaction.os)
 .debug_aranges
                0x0000000000000d80       0x30 /home/ror/Umair/Learnify-ror-/glibc-2.28/build/elf/rtld-libc.a(rtld-strdup.os)
 .debug_aranges
                0x0000000000000db0       0x30 /home/ror/Umair/Learnify-ror-/glibc-2.28/build/elf/rtld-libc.a(rtld-strcmp-sse2.os)
 .debug_aranges
                0x0000000000000de0       0x30 /home/ror/Umair/Learnify-ror-/glibc-2.28/build/elf/rtld-libc.a(rtld-strncmp-sse2.os)
 .debug_aranges
                0x0000000000000e10       0x30 /home/ror/Umair/Learnify-ror-/glibc-2.28/build/elf/rtld-libc.a(rtld-memchr-sse2.os)
 .debug_aranges
                0x0000000000000e40       0x30 /home/ror/Umair/Learnify-ror-/glibc-2.28/build/elf/rtld-libc.a(rtld-rawmemchr-sse2.os)
 .debug_aranges
                0x0000000000000e70       0x30 /home/ror/Umair/Learnify-ror-/glibc-2.28/build/elf/rtld-libc.a(rtld-memcmp-sse2.os)
 .debug_aranges
                0x0000000000000ea0       0x30 /home/ror/Umair/Learnify-ror-/glibc-2.28/build/elf/rtld-libc.a(rtld-strchr-sse2.os)
 .debug_aranges
                0x0000000000000ed0       0x30 /home/ror/Umair/Learnify-ror-/glibc-2.28/build/elf/rtld-libc.a(rtld-strlen-sse2.os)
 .debug_aranges
                0x0000000000000f00       0x30 /home/ror/Umair/Learnify-ror-/glibc-2.28/build/elf/rtld-libc.a(rtld-strnlen-sse2.os)
 .debug_aranges
                0x0000000000000f30       0x30 /home/ror/Umair/Learnify-ror-/glibc-2.28/build/elf/rtld-libc.a(rtld-stpcpy-sse2.os)
 .debug_aranges
                0x0000000000000f60       0x30 /home/ror/Umair/Learnify-ror-/glibc-2.28/build/elf/rtld-libc.a(rtld-strcspn-sse2.os)
 .debug_aranges
                0x0000000000000f90       0x30 /home/ror/Umair/Learnify-ror-/glibc-2.28/build/elf/rtld-libc.a(rtld-memmove-sse2-unaligned-erms.os)
 .debug_aranges
                0x0000000000000fc0       0x30 /home/ror/Umair/Learnify-ror-/glibc-2.28/build/elf/rtld-libc.a(rtld-memset-sse2-unaligned-erms.os)
 .debug_aranges
                0x0000000000000ff0       0x30 /home/ror/Umair/Learnify-ror-/glibc-2.28/build/elf/rtld-libc.a(rtld-setitimer.os)

.debug_pubnames
 *(.debug_pubnames)

.debug_info     0x0000000000000000    0xb7f66
 *(.debug_info)
 .debug_info    0x0000000000000000    0x92996 /home/ror/Umair/Learnify-ror-/glibc-2.28/build/elf/dl-allobjs.os
 .debug_info    0x0000000000092996      0xac1 /home/ror/Umair/Learnify-ror-/glibc-2.28/build/elf/rtld-libc.a(rtld-check_fds.os)
 .debug_info    0x0000000000093457      0x6ad /home/ror/Umair/Learnify-ror-/glibc-2.28/build/elf/rtld-libc.a(rtld-errno.os)
 .debug_info    0x0000000000093b04     0x1db3 /home/ror/Umair/Learnify-ror-/glibc-2.28/build/elf/rtld-libc.a(rtld-closedir.os)
 .debug_info    0x00000000000958b7     0x1d57 /home/ror/Umair/Learnify-ror-/glibc-2.28/build/elf/rtld-libc.a(rtld-rewinddir.os)
 .debug_info    0x000000000009760e     0x1e4a /home/ror/Umair/Learnify-ror-/glibc-2.28/build/elf/rtld-libc.a(rtld-readdir64.os)
 .debug_info    0x0000000000099458     0x1f32 /home/ror/Umair/Learnify-ror-/glibc-2.28/build/elf/rtld-libc.a(rtld-fdopendir.os)
 .debug_info    0x000000000009b38a     0x1cf2 /home/ror/Umair/Learnify-ror-/glibc-2.28/build/elf/rtld-libc.a(rtld-getdents64.os)
 .debug_info    0x000000000009d07c     0x283e /home/ror/Umair/Learnify-ror-/glibc-2.28/build/elf/rtld-libc.a(rtld-dl-addr-obj.os)
 .debug_info    0x000000000009f8ba      0xb2f /home/ror/Umair/Learnify-ror-/glibc-2.28/build/elf/rtld-libc.a(rtld-profil.os)
 .debug_info    0x00000000000a03e9     0x3897 /home/ror/Umair/Learnify-ror-/glibc-2.28/build/elf/rtld-libc.a(rtld-prof-freq.os)
 .debug_info    0x00000000000a3c80      0x8e0 /home/ror/Umair/Learnify-ror-/glibc-2.28/build/elf/rtld-libc.a(rtld-xstat.os)
 .debug_info    0x00000000000a4560      0x8df /home/ror/Umair/Learnify-ror-/glibc-2.28/build/elf/rtld-libc.a(rtld-fxstat.os)
 .debug_info    0x00000000000a4e3f      0x8e0 /home/ror/Umair/Learnify-ror-/glibc-2.28/build/elf/rtld-libc.a(rtld-lxstat.os)
 .debug_info    0x00000000000a571f      0x7ee /home/ror/Umair/Learnify-ror-/glibc-2.28/build/elf/rtld-libc.a(rtld-lseek64.os)
 .debug_info    0x00000000000a5f0d     0x1ed4 /home/ror/Umair/Learnify-ror-/glibc-2.28/build/elf/rtld-libc.a(rtld-access.os)
 .debug_info    0x00000000000a7de1     0x1eb1 /home/ror/Umair/Learnify-ror-/glibc-2.28/build/elf/rtld-libc.a(rtld-close_nocancel.os)
 .debug_info    0x00000000000a9c92     0x217d /home/ror/Umair/Learnify-ror-/glibc-2.28/build/elf/rtld-libc.a(rtld-fcntl_nocancel.os)
 .debug_info    0x00000000000abe0f      0x8a4 /home/ror/Umair/Learnify-ror-/glibc-2.28/build/elf/rtld-libc.a(rtld-open64_nocancel.os)
 .debug_info    0x00000000000ac6b3     0x1fd7 /home/ror/Umair/Learnify-ror-/glibc-2.28/build/elf/rtld-libc.a(rtld-openat64_nocancel.os)
 .debug_info    0x00000000000ae68a     0x1f15 /home/ror/Umair/Learnify-ror-/glibc-2.28/build/elf/rtld-libc.a(rtld-read_nocancel.os)
 .debug_info    0x00000000000b059f     0x1f15 /home/ror/Umair/Learnify-ror-/glibc-2.28/build/elf/rtld-libc.a(rtld-write_nocancel.os)
 .debug_info    0x00000000000b24b4      0x388 /home/ror/Umair/Learnify-ror-/glibc-2.28/build/elf/rtld-libc.a(rtld-scratch_buffer_set_array_size.os)
 .debug_info    0x00000000000b283c     0x3c69 /home/ror/Umair/Learnify-ror-/glibc-2.28/build/elf/rtld-libc.a(rtld-mmap64.os)
 .debug_info    0x00000000000b64a5       0x2e /home/ror/Umair/Learnify-ror-/glibc-2.28/build/elf/rtld-libc.a(rtld-munmap.os)
 .debug_info    0x00000000000b64d3       0x2e /home/ror/Umair/Learnify-ror-/glibc-2.28/build/elf/rtld-libc.a(rtld-mprotect.os)
 .debug_info    0x00000000000b6501       0x2e /home/ror/Umair/Learnify-ror-/glibc-2.28/build/elf/rtld-libc.a(rtld-uname.os)
 .debug_info    0x00000000000b652f      0x7d7 /home/ror/Umair/Learnify-ror-/glibc-2.28/build/elf/rtld-libc.a(rtld-_exit.os)
 .debug_info    0x00000000000b6d06       0x2e /home/ror/Umair/Learnify-ror-/glibc-2.28/build/elf/rtld-libc.a(rtld-getpid.os)
 .debug_info    0x00000000000b6d34       0xf8 /home/ror/Umair/Learnify-ror-/glibc-2.28/build/elf/rtld-libc.a(rtld-environ.os)
 .debug_info    0x00000000000b6e2c       0x2e /home/ror/Umair/Learnify-ror-/glibc-2.28/build/elf/rtld-libc.a(rtld-setjmp.os)
 .debug_info    0x00000000000b6e5a       0x2e /home/ror/Umair/Learnify-ror-/glibc-2.28/build/elf/rtld-libc.a(rtld-__longjmp.os)
 .debug_info    0x00000000000b6e88      0xc7d /home/ror/Umair/Learnify-ror-/glibc-2.28/build/elf/rtld-libc.a(rtld-sigaction.os)
 .debug_info    0x00000000000b7b05      0x20b /home/ror/Umair/Learnify-ror-/glibc-2.28/build/elf/rtld-libc.a(rtld-strdup.os)
 .debug_info    0x00000000000b7d10       0x2e /home/ror/Umair/Learnify-ror-/glibc-2.28/build/elf/rtld-libc.a(rtld-strcmp-sse2.os)
 .debug_info    0x00000000000b7d3e       0x2e /home/ror/Umair/Learnify-ror-/glibc-2.28/build/elf/rtld-libc.a(rtld-strncmp-sse2.os)
 .debug_info    0x00000000000b7d6c       0x2e /home/ror/Umair/Learnify-ror-/glibc-2.28/build/elf/rtld-libc.a(rtld-memchr-sse2.os)
 .debug_info    0x00000000000b7d9a       0x2e /home/ror/Umair/Learnify-ror-/glibc-2.28/build/elf/rtld-libc.a(rtld-rawmemchr-sse2.os)
 .debug_info    0x00000000000b7dc8       0x2e /home/ror/Umair/Learnify-ror-/glibc-2.28/build/elf/rtld-libc.a(rtld-memcmp-sse2.os)
 .debug_info    0x00000000000b7df6       0x2e /home/ror/Umair/Learnify-ror-/glibc-2.28/build/elf/rtld-libc.a(rtld-strchr-sse2.os)
 .debug_info    0x00000000000b7e24       0x2e /home/ror/Umair/Learnify-ror-/glibc-2.28/build/elf/rtld-libc.a(rtld-strlen-sse2.os)
 .debug_info    0x00000000000b7e52       0x2e /home/ror/Umair/Learnify-ror-/glibc-2.28/build/elf/rtld-libc.a(rtld-strnlen-sse2.os)
 .debug_info    0x00000000000b7e80       0x2e /home/ror/Umair/Learnify-ror-/glibc-2.28/build/elf/rtld-libc.a(rtld-stpcpy-sse2.os)
 .debug_info    0x00000000000b7eae       0x2e /home/ror/Umair/Learnify-ror-/glibc-2.28/build/elf/rtld-libc.a(rtld-strcspn-sse2.os)
 .debug_info    0x00000000000b7edc       0x2e /home/ror/Umair/Learnify-ror-/glibc-2.28/build/elf/rtld-libc.a(rtld-memmove-sse2-unaligned-erms.os)
 .debug_info    0x00000000000b7f0a       0x2e /home/ror/Umair/Learnify-ror-/glibc-2.28/build/elf/rtld-libc.a(rtld-memset-sse2-unaligned-erms.os)
 .debug_info    0x00000000000b7f38       0x2e /home/ror/Umair/Learnify-ror-/glibc-2.28/build/elf/rtld-libc.a(rtld-setitimer.os)

.debug_abbrev   0x0000000000000000    0x10069
 *(.debug_abbrev)
 .debug_abbrev  0x0000000000000000     0xb8ed /home/ror/Umair/Learnify-ror-/glibc-2.28/build/elf/dl-allobjs.os
 .debug_abbrev  0x000000000000b8ed      0x22a /home/ror/Umair/Learnify-ror-/glibc-2.28/build/elf/rtld-libc.a(rtld-check_fds.os)
 .debug_abbrev  0x000000000000bb17      0x127 /home/ror/Umair/Learnify-ror-/glibc-2.28/build/elf/rtld-libc.a(rtld-errno.os)
 .debug_abbrev  0x000000000000bc3e      0x363 /home/ror/Umair/Learnify-ror-/glibc-2.28/build/elf/rtld-libc.a(rtld-closedir.os)
 .debug_abbrev  0x000000000000bfa1      0x32f /home/ror/Umair/Learnify-ror-/glibc-2.28/build/elf/rtld-libc.a(rtld-rewinddir.os)
 .debug_abbrev  0x000000000000c2d0      0x356 /home/ror/Umair/Learnify-ror-/glibc-2.28/build/elf/rtld-libc.a(rtld-readdir64.os)
 .debug_abbrev  0x000000000000c626      0x36f /home/ror/Umair/Learnify-ror-/glibc-2.28/build/elf/rtld-libc.a(rtld-fdopendir.os)
 .debug_abbrev  0x000000000000c995      0x343 /home/ror/Umair/Learnify-ror-/glibc-2.28/build/elf/rtld-libc.a(rtld-getdents64.os)
 .debug_abbrev  0x000000000000ccd8      0x35d /home/ror/Umair/Learnify-ror-/glibc-2.28/build/elf/rtld-libc.a(rtld-dl-addr-obj.os)
 .debug_abbrev  0x000000000000d035      0x2bb /home/ror/Umair/Learnify-ror-/glibc-2.28/build/elf/rtld-libc.a(rtld-profil.os)
 .debug_abbrev  0x000000000000d2f0      0x39a /home/ror/Umair/Learnify-ror-/glibc-2.28/build/elf/rtld-libc.a(rtld-prof-freq.os)
 .debug_abbrev  0x000000000000d68a      0x188 /home/ror/Umair/Learnify-ror-/glibc-2.28/build/elf/rtld-libc.a(rtld-xstat.os)
 .debug_abbrev  0x000000000000d812      0x197 /home/ror/Umair/Learnify-ror-/glibc-2.28/build/elf/rtld-libc.a(rtld-fxstat.os)
 .debug_abbrev  0x000000000000d9a9      0x188 /home/ror/Umair/Learnify-ror-/glibc-2.28/build/elf/rtld-libc.a(rtld-lxstat.os)
 .debug_abbrev  0x000000000000db31      0x193 /home/ror/Umair/Learnify-ror-/glibc-2.28/build/elf/rtld-libc.a(rtld-lseek64.os)
 .debug_abbrev  0x000000000000dcc4      0x33d /home/ror/Umair/Learnify-ror-/glibc-2.28/build/elf/rtld-libc.a(rtld-access.os)
 .debug_abbrev  0x000000000000e001      0x34c /home/ror/Umair/Learnify-ror-/glibc-2.28/build/elf/rtld-libc.a(rtld-close_nocancel.os)
 .debug_abbrev  0x000000000000e34d      0x3fc /home/ror/Umair/Learnify-ror-/glibc-2.28/build/elf/rtld-libc.a(rtld-fcntl_nocancel.os)
 .debug_abbrev  0x000000000000e749      0x197 /home/ror/Umair/Learnify-ror-/glibc-2.28/build/elf/rtld-libc.a(rtld-open64_nocancel.os)
 .debug_abbrev  0x000000000000e8e0      0x358 /home/ror/Umair/Learnify-ror-/glibc-2.28/build/elf/rtld-libc.a(rtld-openat64_nocancel.os)
 .debug_abbrev  0x000000000000ec38      0x35b /home/ror/Umair/Learnify-ror-/glibc-2.28/build/elf/rtld-libc.a(rtld-read_nocancel.os)
 .debug_abbrev  0x000000000000ef93      0x35b /home/ror/Umair/Learnify-ror-/glibc-2.28/build/elf/rtld-libc.a(rtld-write_nocancel.os)
 .debug_abbrev  0x000000000000f2ee      0x1ef /home/ror/Umair/Learnify-ror-/glibc-2.28/build/elf/rtld-libc.a(rtld-scratch_buffer_set_array_size.os)
 .debug_abbrev  0x000000000000f4dd      0x436 /home/ror/Umair/Learnify-ror-/glibc-2.28/build/elf/rtld-libc.a(rtld-mmap64.os)
 .debug_abbrev  0x000000000000f913       0x14 /home/ror/Umair/Learnify-ror-/glibc-2.28/build/elf/rtld-libc.a(rtld-munmap.os)
 .debug_abbrev  0x000000000000f927       0x14 /home/ror/Umair/Learnify-ror-/glibc-2.28/build/elf/rtld-libc.a(rtld-mprotect.os)
 .debug_abbrev  0x000000000000f93b       0x14 /home/ror/Umair/Learnify-ror-/glibc-2.28/build/elf/rtld-libc.a(rtld-uname.os)
 .debug_abbrev  0x000000000000f94f      0x190 /home/ror/Umair/Learnify-ror-/glibc-2.28/build/elf/rtld-libc.a(rtld-_exit.os)
 .debug_abbrev  0x000000000000fadf       0x14 /home/ror/Umair/Learnify-ror-/glibc-2.28/build/elf/rtld-libc.a(rtld-getpid.os)
 .debug_abbrev  0x000000000000faf3       0x8b /home/ror/Umair/Learnify-ror-/glibc-2.28/build/elf/rtld-libc.a(rtld-environ.os)
 .debug_abbrev  0x000000000000fb7e       0x14 /home/ror/Umair/Learnify-ror-/glibc-2.28/build/elf/rtld-libc.a(rtld-setjmp.os)
 .debug_abbrev  0x000000000000fb92       0x14 /home/ror/Umair/Learnify-ror-/glibc-2.28/build/elf/rtld-libc.a(rtld-__longjmp.os)
 .debug_abbrev  0x000000000000fba6      0x273 /home/ror/Umair/Learnify-ror-/glibc-2.28/build/elf/rtld-libc.a(rtld-sigaction.os)
 .debug_abbrev  0x000000000000fe19      0x14c /home/ror/Umair/Learnify-ror-/glibc-2.28/build/elf/rtld-libc.a(rtld-strdup.os)
 .debug_abbrev  0x000000000000ff65       0x14 /home/ror/Umair/Learnify-ror-/glibc-2.28/build/elf/rtld-libc.a(rtld-strcmp-sse2.os)
 .debug_abbrev  0x000000000000ff79       0x14 /home/ror/Umair/Learnify-ror-/glibc-2.28/build/elf/rtld-libc.a(rtld-strncmp-sse2.os)
 .debug_abbrev  0x000000000000ff8d       0x14 /home/ror/Umair/Learnify-ror-/glibc-2.28/build/elf/rtld-libc.a(rtld-memchr-sse2.os)
 .debug_abbrev  0x000000000000ffa1       0x14 /home/ror/Umair/Learnify-ror-/glibc-2.28/build/elf/rtld-libc.a(rtld-rawmemchr-sse2.os)
 .debug_abbrev  0x000000000000ffb5       0x14 /home/ror/Umair/Learnify-ror-/glibc-2.28/build/elf/rtld-libc.a(rtld-memcmp-sse2.os)
 .debug_abbrev  0x000000000000ffc9       0x14 /home/ror/Umair/Learnify-ror-/glibc-2.28/build/elf/rtld-libc.a(rtld-strchr-sse2.os)
 .debug_abbrev  0x000000000000ffdd       0x14 /home/ror/Umair/Learnify-ror-/glibc-2.28/build/elf/rtld-libc.a(rtld-strlen-sse2.os)
 .debug_abbrev  0x000000000000fff1       0x14 /home/ror/Umair/Learnify-ror-/glibc-2.28/build/elf/rtld-libc.a(rtld-strnlen-sse2.os)
 .debug_abbrev  0x0000000000010005       0x14 /home/ror/Umair/Learnify-ror-/glibc-2.28/build/elf/rtld-libc.a(rtld-stpcpy-sse2.os)
 .debug_abbrev  0x0000000000010019       0x14 /home/ror/Umair/Learnify-ror-/glibc-2.28/build/elf/rtld-libc.a(rtld-strcspn-sse2.os)
 .debug_abbrev  0x000000000001002d       0x14 /home/ror/Umair/Learnify-ror-/glibc-2.28/build/elf/rtld-libc.a(rtld-memmove-sse2-unaligned-erms.os)
 .debug_abbrev  0x0000000000010041       0x14 /home/ror/Umair/Learnify-ror-/glibc-2.28/build/elf/rtld-libc.a(rtld-memset-sse2-unaligned-erms.os)
 .debug_abbrev  0x0000000000010055       0x14 /home/ror/Umair/Learnify-ror-/glibc-2.28/build/elf/rtld-libc.a(rtld-setitimer.os)

.debug_line     0x0000000000000000    0x1854a
 *(.debug_line .debug_line.* .debug_line_end)
 .debug_line    0x0000000000000000    0x1179a /home/ror/Umair/Learnify-ror-/glibc-2.28/build/elf/dl-allobjs.os
 .debug_line    0x000000000001179a      0x2b7 /home/ror/Umair/Learnify-ror-/glibc-2.28/build/elf/rtld-libc.a(rtld-check_fds.os)
 .debug_line    0x0000000000011a51      0x193 /home/ror/Umair/Learnify-ror-/glibc-2.28/build/elf/rtld-libc.a(rtld-errno.os)
 .debug_line    0x0000000000011be4      0x48e /home/ror/Umair/Learnify-ror-/glibc-2.28/build/elf/rtld-libc.a(rtld-closedir.os)
 .debug_line    0x0000000000012072      0x44a /home/ror/Umair/Learnify-ror-/glibc-2.28/build/elf/rtld-libc.a(rtld-rewinddir.os)
 .debug_line    0x00000000000124bc      0x49b /home/ror/Umair/Learnify-ror-/glibc-2.28/build/elf/rtld-libc.a(rtld-readdir64.os)
 .debug_line    0x0000000000012957      0x4ed /home/ror/Umair/Learnify-ror-/glibc-2.28/build/elf/rtld-libc.a(rtld-fdopendir.os)
 .debug_line    0x0000000000012e44      0x3fa /home/ror/Umair/Learnify-ror-/glibc-2.28/build/elf/rtld-libc.a(rtld-getdents64.os)
 .debug_line    0x000000000001323e      0x473 /home/ror/Umair/Learnify-ror-/glibc-2.28/build/elf/rtld-libc.a(rtld-dl-addr-obj.os)
 .debug_line    0x00000000000136b1      0x319 /home/ror/Umair/Learnify-ror-/glibc-2.28/build/elf/rtld-libc.a(rtld-profil.os)
 .debug_line    0x00000000000139ca      0x507 /home/ror/Umair/Learnify-ror-/glibc-2.28/build/elf/rtld-libc.a(rtld-prof-freq.os)
 .debug_line    0x0000000000013ed1      0x21e /home/ror/Umair/Learnify-ror-/glibc-2.28/build/elf/rtld-libc.a(rtld-xstat.os)
 .debug_line    0x00000000000140ef      0x21f /home/ror/Umair/Learnify-ror-/glibc-2.28/build/elf/rtld-libc.a(rtld-fxstat.os)
 .debug_line    0x000000000001430e      0x21f /home/ror/Umair/Learnify-ror-/glibc-2.28/build/elf/rtld-libc.a(rtld-lxstat.os)
 .debug_line    0x000000000001452d      0x201 /home/ror/Umair/Learnify-ror-/glibc-2.28/build/elf/rtld-libc.a(rtld-lseek64.os)
 .debug_line    0x000000000001472e      0x45d /home/ror/Umair/Learnify-ror-/glibc-2.28/build/elf/rtld-libc.a(rtld-access.os)
 .debug_line    0x0000000000014b8b      0x454 /home/ror/Umair/Learnify-ror-/glibc-2.28/build/elf/rtld-libc.a(rtld-close_nocancel.os)
 .debug_line    0x0000000000014fdf      0x4a4 /home/ror/Umair/Learnify-ror-/glibc-2.28/build/elf/rtld-libc.a(rtld-fcntl_nocancel.os)
 .debug_line    0x0000000000015483      0x267 /home/ror/Umair/Learnify-ror-/glibc-2.28/build/elf/rtld-libc.a(rtld-open64_nocancel.os)
 .debug_line    0x00000000000156ea      0x49c /home/ror/Umair/Learnify-ror-/glibc-2.28/build/elf/rtld-libc.a(rtld-openat64_nocancel.os)
 .debug_line    0x0000000000015b86      0x453 /home/ror/Umair/Learnify-ror-/glibc-2.28/build/elf/rtld-libc.a(rtld-read_nocancel.os)
 .debug_line    0x0000000000015fd9      0x454 /home/ror/Umair/Learnify-ror-/glibc-2.28/build/elf/rtld-libc.a(rtld-write_nocancel.os)
 .debug_line    0x000000000001642d      0x126 /home/ror/Umair/Learnify-ror-/glibc-2.28/build/elf/rtld-libc.a(rtld-scratch_buffer_set_array_size.os)
 .debug_line    0x0000000000016553      0x563 /home/ror/Umair/Learnify-ror-/glibc-2.28/build/elf/rtld-libc.a(rtld-mmap64.os)
 .debug_line    0x0000000000016ab6       0x59 /home/ror/Umair/Learnify-ror-/glibc-2.28/build/elf/rtld-libc.a(rtld-munmap.os)
 .debug_line    0x0000000000016b0f       0x59 /home/ror/Umair/Learnify-ror-/glibc-2.28/build/elf/rtld-libc.a(rtld-mprotect.os)
 .debug_line    0x0000000000016b68       0x59 /home/ror/Umair/Learnify-ror-/glibc-2.28/build/elf/rtld-libc.a(rtld-uname.os)
 .debug_line    0x0000000000016bc1      0x210 /home/ror/Umair/Learnify-ror-/glibc-2.28/build/elf/rtld-libc.a(rtld-_exit.os)
 .debug_line    0x0000000000016dd1       0x57 /home/ror/Umair/Learnify-ror-/glibc-2.28/build/elf/rtld-libc.a(rtld-getpid.os)
 .debug_line    0x0000000000016e28       0x75 /home/ror/Umair/Learnify-ror-/glibc-2.28/build/elf/rtld-libc.a(rtld-environ.os)
 .debug_line    0x0000000000016e9d       0x61 /home/ror/Umair/Learnify-ror-/glibc-2.28/build/elf/rtld-libc.a(rtld-setjmp.os)
 .debug_line    0x0000000000016efe       0x61 /home/ror/Umair/Learnify-ror-/glibc-2.28/build/elf/rtld-libc.a(rtld-__longjmp.os)
 .debug_line    0x0000000000016f5f      0x2f8 /home/ror/Umair/Learnify-ror-/glibc-2.28/build/elf/rtld-libc.a(rtld-sigaction.os)
 .debug_line    0x0000000000017257       0xbf /home/ror/Umair/Learnify-ror-/glibc-2.28/build/elf/rtld-libc.a(rtld-strdup.os)
 .debug_line    0x0000000000017316      0x48f /home/ror/Umair/Learnify-ror-/glibc-2.28/build/elf/rtld-libc.a(rtld-strcmp-sse2.os)
 .debug_line    0x00000000000177a5      0x525 /home/ror/Umair/Learnify-ror-/glibc-2.28/build/elf/rtld-libc.a(rtld-strncmp-sse2.os)
 .debug_line    0x0000000000017cca      0x124 /home/ror/Umair/Learnify-ror-/glibc-2.28/build/elf/rtld-libc.a(rtld-memchr-sse2.os)
 .debug_line    0x0000000000017dee       0xd3 /home/ror/Umair/Learnify-ror-/glibc-2.28/build/elf/rtld-libc.a(rtld-rawmemchr-sse2.os)
 .debug_line    0x0000000000017ec1      0x14c /home/ror/Umair/Learnify-ror-/glibc-2.28/build/elf/rtld-libc.a(rtld-memcmp-sse2.os)
 .debug_line    0x000000000001800d       0xde /home/ror/Umair/Learnify-ror-/glibc-2.28/build/elf/rtld-libc.a(rtld-strchr-sse2.os)
 .debug_line    0x00000000000180eb       0xa5 /home/ror/Umair/Learnify-ror-/glibc-2.28/build/elf/rtld-libc.a(rtld-strlen-sse2.os)
 .debug_line    0x0000000000018190       0xa5 /home/ror/Umair/Learnify-ror-/glibc-2.28/build/elf/rtld-libc.a(rtld-strnlen-sse2.os)
 .debug_line    0x0000000000018235       0x95 /home/ror/Umair/Learnify-ror-/glibc-2.28/build/elf/rtld-libc.a(rtld-stpcpy-sse2.os)
 .debug_line    0x00000000000182ca       0x80 /home/ror/Umair/Learnify-ror-/glibc-2.28/build/elf/rtld-libc.a(rtld-strcspn-sse2.os)
 .debug_line    0x000000000001834a       0xfc /home/ror/Umair/Learnify-ror-/glibc-2.28/build/elf/rtld-libc.a(rtld-memmove-sse2-unaligned-erms.os)
 .debug_line    0x0000000000018446       0xab /home/ror/Umair/Learnify-ror-/glibc-2.28/build/elf/rtld-libc.a(rtld-memset-sse2-unaligned-erms.os)
 .debug_line    0x00000000000184f1       0x59 /home/ror/Umair/Learnify-ror-/glibc-2.28/build/elf/rtld-libc.a(rtld-setitimer.os)

.debug_frame
 *(.debug_frame)

.debug_str      0x0000000000000000    0x78914
 *(.debug_str)
 .debug_str     0x0000000000000000    0x5c801 /home/ror/Umair/Learnify-ror-/glibc-2.28/build/elf/dl-allobjs.os
 .debug_str     0x000000000005c801      0x7b9 /home/ror/Umair/Learnify-ror-/glibc-2.28/build/elf/rtld-libc.a(rtld-check_fds.os)
 .debug_str     0x000000000005cfba      0x54a /home/ror/Umair/Learnify-ror-/glibc-2.28/build/elf/rtld-libc.a(rtld-errno.os)
 .debug_str     0x000000000005d504     0x166c /home/ror/Umair/Learnify-ror-/glibc-2.28/build/elf/rtld-libc.a(rtld-closedir.os)
 .debug_str     0x000000000005eb70     0x15fb /home/ror/Umair/Learnify-ror-/glibc-2.28/build/elf/rtld-libc.a(rtld-rewinddir.os)
 .debug_str     0x000000000006016b     0x16be /home/ror/Umair/Learnify-ror-/glibc-2.28/build/elf/rtld-libc.a(rtld-readdir64.os)
 .debug_str     0x0000000000061829     0x176e /home/ror/Umair/Learnify-ror-/glibc-2.28/build/elf/rtld-libc.a(rtld-fdopendir.os)
 .debug_str     0x0000000000062f97     0x15af /home/ror/Umair/Learnify-ror-/glibc-2.28/build/elf/rtld-libc.a(rtld-getdents64.os)
 .debug_str     0x0000000000064546     0x1cb7 /home/ror/Umair/Learnify-ror-/glibc-2.28/build/elf/rtld-libc.a(rtld-dl-addr-obj.os)
 .debug_str     0x00000000000661fd      0x82e /home/ror/Umair/Learnify-ror-/glibc-2.28/build/elf/rtld-libc.a(rtld-profil.os)
 .debug_str     0x0000000000066a2b     0x27b2 /home/ror/Umair/Learnify-ror-/glibc-2.28/build/elf/rtld-libc.a(rtld-prof-freq.os)
 .debug_str     0x00000000000691dd      0x6b3 /home/ror/Umair/Learnify-ror-/glibc-2.28/build/elf/rtld-libc.a(rtld-xstat.os)
 .debug_str     0x0000000000069890      0x6b1 /home/ror/Umair/Learnify-ror-/glibc-2.28/build/elf/rtld-libc.a(rtld-fxstat.os)
 .debug_str     0x0000000000069f41      0x6b6 /home/ror/Umair/Learnify-ror-/glibc-2.28/build/elf/rtld-libc.a(rtld-lxstat.os)
 .debug_str     0x000000000006a5f7      0x629 /home/ror/Umair/Learnify-ror-/glibc-2.28/build/elf/rtld-libc.a(rtld-lseek64.os)
 .debug_str     0x000000000006ac20     0x17e0 /home/ror/Umair/Learnify-ror-/glibc-2.28/build/elf/rtld-libc.a(rtld-access.os)
 .debug_str     0x000000000006c400     0x17f5 /home/ror/Umair/Learnify-ror-/glibc-2.28/build/elf/rtld-libc.a(rtld-close_nocancel.os)
 .debug_str     0x000000000006dbf5     0x18da /home/ror/Umair/Learnify-ror-/glibc-2.28/build/elf/rtld-libc.a(rtld-fcntl_nocancel.os)
 .debug_str     0x000000000006f4cf      0x6c0 /home/ror/Umair/Learnify-ror-/glibc-2.28/build/elf/rtld-libc.a(rtld-open64_nocancel.os)
 .debug_str     0x000000000006fb8f     0x189e /home/ror/Umair/Learnify-ror-/glibc-2.28/build/elf/rtld-libc.a(rtld-openat64_nocancel.os)
 .debug_str     0x000000000007142d     0x1819 /home/ror/Umair/Learnify-ror-/glibc-2.28/build/elf/rtld-libc.a(rtld-read_nocancel.os)
 .debug_str     0x0000000000072c46     0x181c /home/ror/Umair/Learnify-ror-/glibc-2.28/build/elf/rtld-libc.a(rtld-write_nocancel.os)
 .debug_str     0x0000000000074462      0x304 /home/ror/Umair/Learnify-ror-/glibc-2.28/build/elf/rtld-libc.a(rtld-scratch_buffer_set_array_size.os)
 .debug_str     0x0000000000074766     0x289b /home/ror/Umair/Learnify-ror-/glibc-2.28/build/elf/rtld-libc.a(rtld-mmap64.os)
 .debug_str     0x0000000000077001       0x5d /home/ror/Umair/Learnify-ror-/glibc-2.28/build/elf/rtld-libc.a(rtld-munmap.os)
 .debug_str     0x000000000007705e       0x5d /home/ror/Umair/Learnify-ror-/glibc-2.28/build/elf/rtld-libc.a(rtld-mprotect.os)
 .debug_str     0x00000000000770bb       0x5e /home/ror/Umair/Learnify-ror-/glibc-2.28/build/elf/rtld-libc.a(rtld-uname.os)
 .debug_str     0x0000000000077119      0x60a /home/ror/Umair/Learnify-ror-/glibc-2.28/build/elf/rtld-libc.a(rtld-_exit.os)
 .debug_str     0x0000000000077723       0x5e /home/ror/Umair/Learnify-ror-/glibc-2.28/build/elf/rtld-libc.a(rtld-getpid.os)
 .debug_str     0x0000000000077781      0x1f0 /home/ror/Umair/Learnify-ror-/glibc-2.28/build/elf/rtld-libc.a(rtld-environ.os)
 .debug_str     0x0000000000077971       0x57 /home/ror/Umair/Learnify-ror-/glibc-2.28/build/elf/rtld-libc.a(rtld-setjmp.os)
 .debug_str     0x00000000000779c8       0x5a /home/ror/Umair/Learnify-ror-/glibc-2.28/build/elf/rtld-libc.a(rtld-__longjmp.os)
 .debug_str     0x0000000000077a22      0x7fa /home/ror/Umair/Learnify-ror-/glibc-2.28/build/elf/rtld-libc.a(rtld-sigaction.os)
 .debug_str     0x000000000007821c      0x207 /home/ror/Umair/Learnify-ror-/glibc-2.28/build/elf/rtld-libc.a(rtld-strdup.os)
 .debug_str     0x0000000000078423       0x57 /home/ror/Umair/Learnify-ror-/glibc-2.28/build/elf/rtld-libc.a(rtld-strcmp-sse2.os)
 .debug_str     0x000000000007847a       0x57 /home/ror/Umair/Learnify-ror-/glibc-2.28/build/elf/rtld-libc.a(rtld-strncmp-sse2.os)
 .debug_str     0x00000000000784d1       0x64 /home/ror/Umair/Learnify-ror-/glibc-2.28/build/elf/rtld-libc.a(rtld-memchr-sse2.os)
 .debug_str     0x0000000000078535       0x67 /home/ror/Umair/Learnify-ror-/glibc-2.28/build/elf/rtld-libc.a(rtld-rawmemchr-sse2.os)
 .debug_str     0x000000000007859c       0x57 /home/ror/Umair/Learnify-ror-/glibc-2.28/build/elf/rtld-libc.a(rtld-memcmp-sse2.os)
 .debug_str     0x00000000000785f3       0x64 /home/ror/Umair/Learnify-ror-/glibc-2.28/build/elf/rtld-libc.a(rtld-strchr-sse2.os)
 .debug_str     0x0000000000078657       0x64 /home/ror/Umair/Learnify-ror-/glibc-2.28/build/elf/rtld-libc.a(rtld-strlen-sse2.os)
 .debug_str     0x00000000000786bb       0x64 /home/ror/Umair/Learnify-ror-/glibc-2.28/build/elf/rtld-libc.a(rtld-strnlen-sse2.os)
 .debug_str     0x000000000007871f       0x57 /home/ror/Umair/Learnify-ror-/glibc-2.28/build/elf/rtld-libc.a(rtld-stpcpy-sse2.os)
 .debug_str     0x0000000000078776       0x58 /home/ror/Umair/Learnify-ror-/glibc-2.28/build/elf/rtld-libc.a(rtld-strcspn-sse2.os)
 .debug_str     0x00000000000787ce       0x75 /home/ror/Umair/Learnify-ror-/glibc-2.28/build/elf/rtld-libc.a(rtld-memmove-sse2-unaligned-erms.os)
 .debug_str     0x0000000000078843       0x74 /home/ror/Umair/Learnify-ror-/glibc-2.28/build/elf/rtld-libc.a(rtld-memset-sse2-unaligned-erms.os)
 .debug_str     0x00000000000788b7       0x5d /home/ror/Umair/Learnify-ror-/glibc-2.28/build/elf/rtld-libc.a(rtld-setitimer.os)

.debug_loc      0x0000000000000000    0x31d0e
 *(.debug_loc)
 .debug_loc     0x0000000000000000    0x2f9ac /home/ror/Umair/Learnify-ror-/glibc-2.28/build/elf/dl-allobjs.os
 .debug_loc     0x000000000002f9ac      0x138 /home/ror/Umair/Learnify-ror-/glibc-2.28/build/elf/rtld-libc.a(rtld-check_fds.os)
 .debug_loc     0x000000000002fae4       0x82 /home/ror/Umair/Learnify-ror-/glibc-2.28/build/elf/rtld-libc.a(rtld-closedir.os)
 .debug_loc     0x000000000002fb66       0x4c /home/ror/Umair/Learnify-ror-/glibc-2.28/build/elf/rtld-libc.a(rtld-rewinddir.os)
 .debug_loc     0x000000000002fbb2      0x1a8 /home/ror/Umair/Learnify-ror-/glibc-2.28/build/elf/rtld-libc.a(rtld-readdir64.os)
 .debug_loc     0x000000000002fd5a       0xbe /home/ror/Umair/Learnify-ror-/glibc-2.28/build/elf/rtld-libc.a(rtld-fdopendir.os)
 .debug_loc     0x000000000002fe18       0x5b /home/ror/Umair/Learnify-ror-/glibc-2.28/build/elf/rtld-libc.a(rtld-getdents64.os)
 .debug_loc     0x000000000002fe73       0x65 /home/ror/Umair/Learnify-ror-/glibc-2.28/build/elf/rtld-libc.a(rtld-dl-addr-obj.os)
 .debug_loc     0x000000000002fed8      0x23a /home/ror/Umair/Learnify-ror-/glibc-2.28/build/elf/rtld-libc.a(rtld-profil.os)
 .debug_loc     0x0000000000030112      0x182 /home/ror/Umair/Learnify-ror-/glibc-2.28/build/elf/rtld-libc.a(rtld-xstat.os)
 .debug_loc     0x0000000000030294      0x182 /home/ror/Umair/Learnify-ror-/glibc-2.28/build/elf/rtld-libc.a(rtld-fxstat.os)
 .debug_loc     0x0000000000030416      0x182 /home/ror/Umair/Learnify-ror-/glibc-2.28/build/elf/rtld-libc.a(rtld-lxstat.os)
 .debug_loc     0x0000000000030598       0x5b /home/ror/Umair/Learnify-ror-/glibc-2.28/build/elf/rtld-libc.a(rtld-lseek64.os)
 .debug_loc     0x00000000000305f3       0x5b /home/ror/Umair/Learnify-ror-/glibc-2.28/build/elf/rtld-libc.a(rtld-access.os)
 .debug_loc     0x000000000003064e       0x5b /home/ror/Umair/Learnify-ror-/glibc-2.28/build/elf/rtld-libc.a(rtld-close_nocancel.os)
 .debug_loc     0x00000000000306a9      0x337 /home/ror/Umair/Learnify-ror-/glibc-2.28/build/elf/rtld-libc.a(rtld-fcntl_nocancel.os)
 .debug_loc     0x00000000000309e0      0x299 /home/ror/Umair/Learnify-ror-/glibc-2.28/build/elf/rtld-libc.a(rtld-open64_nocancel.os)
 .debug_loc     0x0000000000030c79      0x1b7 /home/ror/Umair/Learnify-ror-/glibc-2.28/build/elf/rtld-libc.a(rtld-openat64_nocancel.os)
 .debug_loc     0x0000000000030e30       0x5b /home/ror/Umair/Learnify-ror-/glibc-2.28/build/elf/rtld-libc.a(rtld-read_nocancel.os)
 .debug_loc     0x0000000000030e8b       0x5b /home/ror/Umair/Learnify-ror-/glibc-2.28/build/elf/rtld-libc.a(rtld-write_nocancel.os)
 .debug_loc     0x0000000000030ee6      0x323 /home/ror/Umair/Learnify-ror-/glibc-2.28/build/elf/rtld-libc.a(rtld-scratch_buffer_set_array_size.os)
 .debug_loc     0x0000000000031209      0x57d /home/ror/Umair/Learnify-ror-/glibc-2.28/build/elf/rtld-libc.a(rtld-mmap64.os)
 .debug_loc     0x0000000000031786      0x148 /home/ror/Umair/Learnify-ror-/glibc-2.28/build/elf/rtld-libc.a(rtld-_exit.os)
 .debug_loc     0x00000000000318ce      0x339 /home/ror/Umair/Learnify-ror-/glibc-2.28/build/elf/rtld-libc.a(rtld-sigaction.os)
 .debug_loc     0x0000000000031c07      0x107 /home/ror/Umair/Learnify-ror-/glibc-2.28/build/elf/rtld-libc.a(rtld-strdup.os)

.debug_macinfo
 *(.debug_macinfo)

.debug_weaknames
 *(.debug_weaknames)

.debug_funcnames
 *(.debug_funcnames)

.debug_typenames
 *(.debug_typenames)

.debug_varnames
 *(.debug_varnames)

.debug_pubtypes
 *(.debug_pubtypes)

.debug_ranges   0x0000000000000000     0x7840
 *(.debug_ranges)
 .debug_ranges  0x0000000000000000     0x7350 /home/ror/Umair/Learnify-ror-/glibc-2.28/build/elf/dl-allobjs.os
 .debug_ranges  0x0000000000007350       0xa0 /home/ror/Umair/Learnify-ror-/glibc-2.28/build/elf/rtld-libc.a(rtld-readdir64.os)
 .debug_ranges  0x00000000000073f0       0x30 /home/ror/Umair/Learnify-ror-/glibc-2.28/build/elf/rtld-libc.a(rtld-getdents64.os)
 .debug_ranges  0x0000000000007420       0x30 /home/ror/Umair/Learnify-ror-/glibc-2.28/build/elf/rtld-libc.a(rtld-profil.os)
 .debug_ranges  0x0000000000007450       0x30 /home/ror/Umair/Learnify-ror-/glibc-2.28/build/elf/rtld-libc.a(rtld-xstat.os)